Archive member included to satisfy reference by file (symbol)

D:/Toolchain/arm-gnu-toolchain-14.3.rel1-mingw-w64-i686-arm-none-eabi/bin/../lib/gcc/arm-none-eabi/14.3.1/../../../../arm-none-eabi/lib/thumb/v7e-m+fp/hard\libc_nano.a(libc_a-exit.o)
                              D:/Toolchain/arm-gnu-toolchain-14.3.rel1-mingw-w64-i686-arm-none-eabi/bin/../lib/gcc/arm-none-eabi/14.3.1/../../../../arm-none-eabi/lib/thumb/v7e-m+fp/hard/crt0.o (exit)
D:/Toolchain/arm-gnu-toolchain-14.3.rel1-mingw-w64-i686-arm-none-eabi/bin/../lib/gcc/arm-none-eabi/14.3.1/../../../../arm-none-eabi/lib/thumb/v7e-m+fp/hard\libc_nano.a(libc_a-findfp.o)
                              D:/Toolchain/arm-gnu-toolchain-14.3.rel1-mingw-w64-i686-arm-none-eabi/bin/../lib/gcc/arm-none-eabi/14.3.1/../../../../arm-none-eabi/lib/thumb/v7e-m+fp/hard\libc_nano.a(libc_a-exit.o) (__stdio_exit_handler)
D:/Toolchain/arm-gnu-toolchain-14.3.rel1-mingw-w64-i686-arm-none-eabi/bin/../lib/gcc/arm-none-eabi/14.3.1/../../../../arm-none-eabi/lib/thumb/v7e-m+fp/hard\libc_nano.a(libc_a-fwalk.o)
                              D:/Toolchain/arm-gnu-toolchain-14.3.rel1-mingw-w64-i686-arm-none-eabi/bin/../lib/gcc/arm-none-eabi/14.3.1/../../../../arm-none-eabi/lib/thumb/v7e-m+fp/hard\libc_nano.a(libc_a-findfp.o) (_fwalk_sglue)
D:/Toolchain/arm-gnu-toolchain-14.3.rel1-mingw-w64-i686-arm-none-eabi/bin/../lib/gcc/arm-none-eabi/14.3.1/../../../../arm-none-eabi/lib/thumb/v7e-m+fp/hard\libc_nano.a(libc_a-stdio.o)
                              D:/Toolchain/arm-gnu-toolchain-14.3.rel1-mingw-w64-i686-arm-none-eabi/bin/../lib/gcc/arm-none-eabi/14.3.1/../../../../arm-none-eabi/lib/thumb/v7e-m+fp/hard\libc_nano.a(libc_a-findfp.o) (__sread)
D:/Toolchain/arm-gnu-toolchain-14.3.rel1-mingw-w64-i686-arm-none-eabi/bin/../lib/gcc/arm-none-eabi/14.3.1/../../../../arm-none-eabi/lib/thumb/v7e-m+fp/hard\libc_nano.a(libc_a-memset.o)
                              D:/Toolchain/arm-gnu-toolchain-14.3.rel1-mingw-w64-i686-arm-none-eabi/bin/../lib/gcc/arm-none-eabi/14.3.1/../../../../arm-none-eabi/lib/thumb/v7e-m+fp/hard/crt0.o (memset)
D:/Toolchain/arm-gnu-toolchain-14.3.rel1-mingw-w64-i686-arm-none-eabi/bin/../lib/gcc/arm-none-eabi/14.3.1/../../../../arm-none-eabi/lib/thumb/v7e-m+fp/hard\libc_nano.a(libc_a-closer.o)
                              D:/Toolchain/arm-gnu-toolchain-14.3.rel1-mingw-w64-i686-arm-none-eabi/bin/../lib/gcc/arm-none-eabi/14.3.1/../../../../arm-none-eabi/lib/thumb/v7e-m+fp/hard\libc_nano.a(libc_a-stdio.o) (_close_r)
D:/Toolchain/arm-gnu-toolchain-14.3.rel1-mingw-w64-i686-arm-none-eabi/bin/../lib/gcc/arm-none-eabi/14.3.1/../../../../arm-none-eabi/lib/thumb/v7e-m+fp/hard\libc_nano.a(libc_a-reent.o)
                              D:/Toolchain/arm-gnu-toolchain-14.3.rel1-mingw-w64-i686-arm-none-eabi/bin/../lib/gcc/arm-none-eabi/14.3.1/../../../../arm-none-eabi/lib/thumb/v7e-m+fp/hard\libc_nano.a(libc_a-closer.o) (errno)
D:/Toolchain/arm-gnu-toolchain-14.3.rel1-mingw-w64-i686-arm-none-eabi/bin/../lib/gcc/arm-none-eabi/14.3.1/../../../../arm-none-eabi/lib/thumb/v7e-m+fp/hard\libc_nano.a(libc_a-impure.o)
                              D:/Toolchain/arm-gnu-toolchain-14.3.rel1-mingw-w64-i686-arm-none-eabi/bin/../lib/gcc/arm-none-eabi/14.3.1/../../../../arm-none-eabi/lib/thumb/v7e-m+fp/hard\libc_nano.a(libc_a-reent.o) (_impure_ptr)
D:/Toolchain/arm-gnu-toolchain-14.3.rel1-mingw-w64-i686-arm-none-eabi/bin/../lib/gcc/arm-none-eabi/14.3.1/../../../../arm-none-eabi/lib/thumb/v7e-m+fp/hard\libc_nano.a(libc_a-lseekr.o)
                              D:/Toolchain/arm-gnu-toolchain-14.3.rel1-mingw-w64-i686-arm-none-eabi/bin/../lib/gcc/arm-none-eabi/14.3.1/../../../../arm-none-eabi/lib/thumb/v7e-m+fp/hard\libc_nano.a(libc_a-stdio.o) (_lseek_r)
D:/Toolchain/arm-gnu-toolchain-14.3.rel1-mingw-w64-i686-arm-none-eabi/bin/../lib/gcc/arm-none-eabi/14.3.1/../../../../arm-none-eabi/lib/thumb/v7e-m+fp/hard\libc_nano.a(libc_a-readr.o)
                              D:/Toolchain/arm-gnu-toolchain-14.3.rel1-mingw-w64-i686-arm-none-eabi/bin/../lib/gcc/arm-none-eabi/14.3.1/../../../../arm-none-eabi/lib/thumb/v7e-m+fp/hard\libc_nano.a(libc_a-stdio.o) (_read_r)
D:/Toolchain/arm-gnu-toolchain-14.3.rel1-mingw-w64-i686-arm-none-eabi/bin/../lib/gcc/arm-none-eabi/14.3.1/../../../../arm-none-eabi/lib/thumb/v7e-m+fp/hard\libc_nano.a(libc_a-writer.o)
                              D:/Toolchain/arm-gnu-toolchain-14.3.rel1-mingw-w64-i686-arm-none-eabi/bin/../lib/gcc/arm-none-eabi/14.3.1/../../../../arm-none-eabi/lib/thumb/v7e-m+fp/hard\libc_nano.a(libc_a-stdio.o) (_write_r)
D:/Toolchain/arm-gnu-toolchain-14.3.rel1-mingw-w64-i686-arm-none-eabi/bin/../lib/gcc/arm-none-eabi/14.3.1/../../../../arm-none-eabi/lib/thumb/v7e-m+fp/hard\libc_nano.a(libc_a-init.o)
                              D:/Toolchain/arm-gnu-toolchain-14.3.rel1-mingw-w64-i686-arm-none-eabi/bin/../lib/gcc/arm-none-eabi/14.3.1/../../../../arm-none-eabi/lib/thumb/v7e-m+fp/hard/crt0.o (__libc_init_array)
[...]
Memory Configuration

Name             Origin             Length             Attributes
RAM              0x20000000         0x00020000         xrw
CCMRAM           0x10000000         0x00010000         xrw
FLASH            0x08000000         0x00100000         xr
*default*        0x00000000         0xffffffff

Linker script and memory map

LOAD D:/Toolchain/arm-gnu-toolchain-14.3.rel1-mingw-w64-i686-arm-none-eabi/bin/../lib/gcc/arm-none-eabi/14.3.1/thumb/v7e-m+fp/hard/crti.o
LOAD D:/Toolchain/arm-gnu-toolchain-14.3.rel1-mingw-w64-i686-arm-none-eabi/bin/../lib/gcc/arm-none-eabi/14.3.1/thumb/v7e-m+fp/hard/crtbegin.o
LOAD D:/Toolchain/arm-gnu-toolchain-14.3.rel1-mingw-w64-i686-arm-none-eabi/bin/../lib/gcc/arm-none-eabi/14.3.1/../../../../arm-none-eabi/lib/thumb/v7e-m+fp/hard/crt0.o
START GROUP
LOAD D:/Toolchain/arm-gnu-toolchain-14.3.rel1-mingw-w64-i686-arm-none-eabi/bin/../lib/gcc/arm-none-eabi/14.3.1/../../../../arm-none-eabi/lib/thumb/v7e-m+fp/hard\libc_nano.a
LOAD D:/Toolchain/arm-gnu-toolchain-14.3.rel1-mingw-w64-i686-arm-none-eabi/bin/../lib/gcc/arm-none-eabi/14.3.1/../../../../arm-none-eabi/lib/thumb/v7e-m+fp/hard\libm.a
END GROUP
LOAD CMakeFiles/can.dir/application/CAN_receive.c.obj
LOAD CMakeFiles/can.dir/application/PID.c.obj
LOAD CMakeFiles/can.dir/application/Vofa_pid.c.obj
LOAD CMakeFiles/can.dir/BSP/boards/bsp_can.c.obj
LOAD CMakeFiles/can.dir/Src/main.c.obj
LOAD CMakeFiles/can.dir/Src/gpio.c.obj
LOAD CMakeFiles/can.dir/Src/can.c.obj
LOAD CMakeFiles/can.dir/Src/usart.c.obj
LOAD CMakeFiles/can.dir/Src/stm32f4xx_it.c.obj
LOAD CMakeFiles/can.dir/Src/stm32f4xx_hal_msp.c.obj
LOAD CMakeFiles/can.dir/Drivers/STM32F4xx_HAL_Driver/Src/stm32f4xx_hal_can.c.obj
LOAD CMakeFiles/can.dir/Drivers/STM32F4xx_HAL_Driver/Src/stm32f4xx_hal_rcc.c.obj
LOAD CMakeFiles/can.dir/Drivers/STM32F4xx_HAL_Driver/Src/stm32f4xx_hal_rcc_ex.c.obj
LOAD CMakeFiles/can.dir/Drivers/STM32F4xx_HAL_Driver/Src/stm32f4xx_hal_flash.c.obj
LOAD CMakeFiles/can.dir/Drivers/STM32F4xx_HAL_Driver/Src/stm32f4xx_hal_flash_ex.c.obj
LOAD CMakeFiles/can.dir/Drivers/STM32F4xx_HAL_Driver/Src/stm32f4xx_hal_flash_ramfunc.c.obj
LOAD CMakeFiles/can.dir/Drivers/STM32F4xx_HAL_Driver/Src/stm32f4xx_hal_gpio.c.obj
LOAD CMakeFiles/can.dir/Drivers/STM32F4xx_HAL_Driver/Src/stm32f4xx_hal_dma_ex.c.obj
LOAD CMakeFiles/can.dir/Drivers/STM32F4xx_HAL_Driver/Src/stm32f4xx_hal_dma.c.obj
LOAD CMakeFiles/can.dir/Drivers/STM32F4xx_HAL_Driver/Src/stm32f4xx_hal_pwr.c.obj
LOAD CMakeFiles/can.dir/Drivers/STM32F4xx_HAL_Driver/Src/stm32f4xx_hal_pwr_ex.c.obj
LOAD CMakeFiles/can.dir/Drivers/STM32F4xx_HAL_Driver/Src/stm32f4xx_hal_cortex.c.obj
LOAD CMakeFiles/can.dir/Drivers/STM32F4xx_HAL_Driver/Src/stm32f4xx_hal.c.obj
LOAD CMakeFiles/can.dir/Drivers/STM32F4xx_HAL_Driver/Src/stm32f4xx_hal_exti.c.obj
LOAD CMakeFiles/can.dir/Drivers/STM32F4xx_HAL_Driver/Src/stm32f4xx_hal_uart.c.obj
LOAD CMakeFiles/can.dir/Src/system_stm32f4xx.c.obj
LOAD CMakeFiles/can.dir/Src/sysmem.c.obj
LOAD CMakeFiles/can.dir/Src/syscalls.c.obj
LOAD CMakeFiles/can.dir/startup_stm32f407xx.s.obj
START GROUP
LOAD D:/Toolchain/arm-gnu-toolchain-14.3.rel1-mingw-w64-i686-arm-none-eabi/bin/../lib/gcc/arm-none-eabi/14.3.1/thumb/v7e-m+fp/hard\libgcc.a
LOAD D:/Toolchain/arm-gnu-toolchain-14.3.rel1-mingw-w64-i686-arm-none-eabi/bin/../lib/gcc/arm-none-eabi/14.3.1/../../../../arm-none-eabi/lib/thumb/v7e-m+fp/hard\libg_nano.a
LOAD D:/Toolchain/arm-gnu-toolchain-14.3.rel1-mingw-w64-i686-arm-none-eabi/bin/../lib/gcc/arm-none-eabi/14.3.1/../../../../arm-none-eabi/lib/thumb/v7e-m+fp/hard\libc_nano.a
END GROUP
START GROUP
LOAD D:/Toolchain/arm-gnu-toolchain-14.3.rel1-mingw-w64-i686-arm-none-eabi/bin/../lib/gcc/arm-none-eabi/14.3.1/thumb/v7e-m+fp/hard\libgcc.a
LOAD D:/Toolchain/arm-gnu-toolchain-14.3.rel1-mingw-w64-i686-arm-none-eabi/bin/../lib/gcc/arm-none-eabi/14.3.1/../../../../arm-none-eabi/lib/thumb/v7e-m+fp/hard\libc_nano.a
END GROUP
LOAD D:/Toolchain/arm-gnu-toolchain-14.3.rel1-mingw-w64-i686-arm-none-eabi/bin/../lib/gcc/arm-none-eabi/14.3.1/thumb/v7e-m+fp/hard/crtend.o
LOAD D:/Toolchain/arm-gnu-toolchain-14.3.rel1-mingw-w64-i686-arm-none-eabi/bin/../lib/gcc/arm-none-eabi/14.3.1/thumb/v7e-m+fp/hard/crtn.o
                0x20020000                        _estack = (ORIGIN (RAM) + LENGTH (RAM))
                0x00000200                        _Min_Heap_Size = 0x200
                0x00000400                        _Min_Stack_Size = 0x400

.isr_vector     0x08000000      0x188
                0x08000000                        . = ALIGN (0x4)
 *(.isr_vector)
 .isr_vector    0x08000000      0x188 CMakeFiles/can.dir/startup_stm32f407xx.s.obj
                0x08000000                g_pfnVectors
                0x08000188                        . = ALIGN (0x4)

.text           0x08000190     0x4224
                0x08000190                        . = ALIGN (0x4)
 *(.text)
 .text          0x08000190      0x378 D:/Toolchain/arm-gnu-toolchain-14.3.rel1-mingw-w64-i686-arm-none-eabi/bin/../lib/gcc/arm-none-eabi/14.3.1/thumb/v7e-m+fp/hard\libgcc.a(_arm_addsubdf3.o)
                0x08000190                __aeabi_drsub
                0x08000198                __aeabi_dsub
                0x08000198                __subdf3
                0x0800019c                __aeabi_dadd
                0x0800019c                __adddf3
                0x08000414                __floatunsidf
                0x08000414                __aeabi_ui2d
                0x08000434                __floatsidf
                0x08000434                __aeabi_i2d
                0x08000458                __aeabi_f2d
                0x08000458                __extendsfdf2
                0x0800049c                __floatundidf
                0x0800049c                __aeabi_ul2d
                0x080004ac                __floatdidf
                0x080004ac                __aeabi_l2d
 .text          0x08000508       0x30 D:/Toolchain/arm-gnu-toolchain-14.3.rel1-mingw-w64-i686-arm-none-eabi/bin/../lib/gcc/arm-none-eabi/14.3.1/thumb/v7e-m+fp/hard\libgcc.a(_aeabi_uldivmod.o)
                0x08000508                __aeabi_uldivmod
 .text          0x08000538        0x4 D:/Toolchain/arm-gnu-toolchain-14.3.rel1-mingw-w64-i686-arm-none-eabi/bin/../lib/gcc/arm-none-eabi/14.3.1/thumb/v7e-m+fp/hard\libgcc.a(_dvmd_tls.o)
                0x08000538                __aeabi_idiv0
                0x08000538                __aeabi_ldiv0
 .text          0x0800053c       0x10 D:/Toolchain/arm-gnu-toolchain-14.3.rel1-mingw-w64-i686-arm-none-eabi/bin/../lib/gcc/arm-none-eabi/14.3.1/../../../../arm-none-eabi/lib/thumb/v7e-m+fp/hard\libg_nano.a(libc_a-strlen.o)
                0x0800053c                strlen
 *fill*         0x0800054c        0x4 
 .text          0x08000550       0xa0 D:/Toolchain/arm-gnu-toolchain-14.3.rel1-mingw-w64-i686-arm-none-eabi/bin/../lib/gcc/arm-none-eabi/14.3.1/../../../../arm-none-eabi/lib/thumb/v7e-m+fp/hard\libg_nano.a(libc_a-memchr.o)
                0x08000550                memchr
 *(.text*)
 .text.deregister_tm_clones
                0x080005f0       0x1c D:/Toolchain/arm-gnu-toolchain-14.3.rel1-mingw-w64-i686-arm-none-eabi/bin/../lib/gcc/arm-none-eabi/14.3.1/thumb/v7e-m+fp/hard/crtbegin.o
 .text.register_tm_clones
                0x0800060c       0x24 D:/Toolchain/arm-gnu-toolchain-14.3.rel1-mingw-w64-i686-arm-none-eabi/bin/../lib/gcc/arm-none-eabi/14.3.1/thumb/v7e-m+fp/hard/crtbegin.o
 .text.__do_global_dtors_aux
                0x08000630       0x28 D:/Toolchain/arm-gnu-toolchain-14.3.rel1-mingw-w64-i686-arm-none-eabi/bin/../lib/gcc/arm-none-eabi/14.3.1/thumb/v7e-m+fp/hard/crtbegin.o
 .text.frame_dummy
                0x08000658       0x24 D:/Toolchain/arm-gnu-toolchain-14.3.rel1-mingw-w64-i686-arm-none-eabi/bin/../lib/gcc/arm-none-eabi/14.3.1/thumb/v7e-m+fp/hard/crtbegin.o
 .text.memset   0x0800067c       0x10 D:/Toolchain/arm-gnu-toolchain-14.3.rel1-mingw-w64-i686-arm-none-eabi/bin/../lib/gcc/arm-none-eabi/14.3.1/../../../../arm-none-eabi/lib/thumb/v7e-m+fp/hard\libc_nano.a(libc_a-memset.o)
                0x0800067c                memset
 .text.__libc_init_array
                0x0800068c       0x48 D:/Toolchain/arm-gnu-toolchain-14.3.rel1-mingw-w64-i686-arm-none-eabi/bin/../lib/gcc/arm-none-eabi/14.3.1/../../../../arm-none-eabi/lib/thumb/v7e-m+fp/hard\libc_nano.a(libc_a-init.o)
                0x0800068c                __libc_init_array
 .text.__retarget_lock_acquire_recursive
                0x080006d4        0x2 D:/Toolchain/arm-gnu-toolchain-14.3.rel1-mingw-w64-i686-arm-none-eabi/bin/../lib/gcc/arm-none-eabi/14.3.1/../../../../arm-none-eabi/lib/thumb/v7e-m+fp/hard\libc_nano.a(libc_a-lock.o)
                0x080006d4                __retarget_lock_acquire_recursive
 .text.__retarget_lock_release_recursive
                0x080006d6        0x2 D:/Toolchain/arm-gnu-toolchain-14.3.rel1-mingw-w64-i686-arm-none-eabi/bin/../lib/gcc/arm-none-eabi/14.3.1/../../../../arm-none-eabi/lib/thumb/v7e-m+fp/hard\libc_nano.a(libc_a-lock.o)
                0x080006d6                __retarget_lock_release_recursive
 .text._free_r  0x080006d8       0x94 D:/Toolchain/arm-gnu-toolchain-14.3.rel1-mingw-w64-i686-arm-none-eabi/bin/../lib/gcc/arm-none-eabi/14.3.1/../../../../arm-none-eabi/lib/thumb/v7e-m+fp/hard\libc_nano.a(libc_a-freer.o)
                0x080006d8                _free_r
 .text.sbrk_aligned
                0x0800076c       0x44 D:/Toolchain/arm-gnu-toolchain-14.3.rel1-mingw-w64-i686-arm-none-eabi/bin/../lib/gcc/arm-none-eabi/14.3.1/../../../../arm-none-eabi/lib/thumb/v7e-m+fp/hard\libc_nano.a(libc_a-mallocr.o)
 .text._malloc_r
                0x080007b0      0x100 D:/Toolchain/arm-gnu-toolchain-14.3.rel1-mingw-w64-i686-arm-none-eabi/bin/../lib/gcc/arm-none-eabi/14.3.1/../../../../arm-none-eabi/lib/thumb/v7e-m+fp/hard\libc_nano.a(libc_a-mallocr.o)
                0x080007b0                _malloc_r
 .text.__malloc_lock
                0x080008b0        0xc D:/Toolchain/arm-gnu-toolchain-14.3.rel1-mingw-w64-i686-arm-none-eabi/bin/../lib/gcc/arm-none-eabi/14.3.1/../../../../arm-none-eabi/lib/thumb/v7e-m+fp/hard\libc_nano.a(libc_a-mlock.o)
                0x080008b0                __malloc_lock
 .text.__malloc_unlock
                0x080008bc        0xc D:/Toolchain/arm-gnu-toolchain-14.3.rel1-mingw-w64-i686-arm-none-eabi/bin/../lib/gcc/arm-none-eabi/14.3.1/../../../../arm-none-eabi/lib/thumb/v7e-m+fp/hard\libc_nano.a(libc_a-mlock.o)
                0x080008bc                __malloc_unlock
 .text._sbrk_r  0x080008c8       0x20 D:/Toolchain/arm-gnu-toolchain-14.3.rel1-mingw-w64-i686-arm-none-eabi/bin/../lib/gcc/arm-none-eabi/14.3.1/../../../../arm-none-eabi/lib/thumb/v7e-m+fp/hard\libc_nano.a(libc_a-sbrkr.o)
                0x080008c8                _sbrk_r
 .text.HAL_CAN_RxFifo0MsgPendingCallback
                0x080008e8      0x100 CMakeFiles/can.dir/application/CAN_receive.c.obj
                0x080008e8                HAL_CAN_RxFifo0MsgPendingCallback
 .text.CAN_cmd_gimbal
                0x080009e8       0xb4 CMakeFiles/can.dir/application/CAN_receive.c.obj
                0x080009e8                CAN_cmd_gimbal
 .text.get_yaw_gimbal_motor_measure_point
                0x08000a9c       0x14 CMakeFiles/can.dir/application/CAN_receive.c.obj
                0x08000a9c                get_yaw_gimbal_motor_measure_point
 .text.PID_Init
                0x08000ab0       0x90 CMakeFiles/can.dir/application/PID.c.obj
                0x08000ab0                PID_Init
 .text.PID_Calculate_send
                0x08000b40      0x180 CMakeFiles/can.dir/application/PID.c.obj
                0x08000b40                PID_Calculate_send
 .text.PID_GetCurrent
                0x08000cc0       0x78 CMakeFiles/can.dir/application/PID.c.obj
                0x08000cc0                PID_GetCurrent
 .text.Vofa_Init
                0x08000d38       0x1c CMakeFiles/can.dir/application/Vofa_pid.c.obj
                0x08000d38                Vofa_Init
 .text.Vofa_Output
                0x08000d54       0x5c CMakeFiles/can.dir/application/Vofa_pid.c.obj
                0x08000d54                Vofa_Output
 .text.can_filter_init
                0x08000db0       0x74 CMakeFiles/can.dir/BSP/boards/bsp_can.c.obj
                0x08000db0                can_filter_init
 .text.main     0x08000e24       0x48 CMakeFiles/can.dir/Src/main.c.obj
                0x08000e24                main
 .text.SystemClock_Config
                0x08000e6c       0xd4 CMakeFiles/can.dir/Src/main.c.obj
                0x08000e6c                SystemClock_Config
 .text.Error_Handler
                0x08000f40        0xc CMakeFiles/can.dir/Src/main.c.obj
                0x08000f40                Error_Handler
 .text.MX_GPIO_Init
                0x08000f4c       0x88 CMakeFiles/can.dir/Src/gpio.c.obj
                0x08000f4c                MX_GPIO_Init
 .text.MX_CAN1_Init
                0x08000fd4       0x6c CMakeFiles/can.dir/Src/can.c.obj
                0x08000fd4                MX_CAN1_Init
 .text.MX_CAN2_Init
                0x08001040       0x6c CMakeFiles/can.dir/Src/can.c.obj
                0x08001040                MX_CAN2_Init
 .text.HAL_CAN_MspInit
                0x080010ac      0x160 CMakeFiles/can.dir/Src/can.c.obj
                0x080010ac                HAL_CAN_MspInit
 .text.MX_USART1_UART_Init
                0x0800120c       0x54 CMakeFiles/can.dir/Src/usart.c.obj
                0x0800120c                MX_USART1_UART_Init
 .text.HAL_UART_MspInit
                0x08001260       0xd0 CMakeFiles/can.dir/Src/usart.c.obj
                0x08001260                HAL_UART_MspInit
 .text.NMI_Handler
                0x08001330        0x8 CMakeFiles/can.dir/Src/stm32f4xx_it.c.obj
                0x08001330                NMI_Handler
 .text.HardFault_Handler
                0x08001338        0x8 CMakeFiles/can.dir/Src/stm32f4xx_it.c.obj
                0x08001338                HardFault_Handler
 .text.MemManage_Handler
                0x08001340        0x8 CMakeFiles/can.dir/Src/stm32f4xx_it.c.obj
                0x08001340                MemManage_Handler
 .text.BusFault_Handler
                0x08001348        0x8 CMakeFiles/can.dir/Src/stm32f4xx_it.c.obj
                0x08001348                BusFault_Handler
 .text.UsageFault_Handler
                0x08001350        0x8 CMakeFiles/can.dir/Src/stm32f4xx_it.c.obj
                0x08001350                UsageFault_Handler
 .text.SVC_Handler
                0x08001358        0xe CMakeFiles/can.dir/Src/stm32f4xx_it.c.obj
                0x08001358                SVC_Handler
 .text.DebugMon_Handler
                0x08001366        0xe CMakeFiles/can.dir/Src/stm32f4xx_it.c.obj
                0x08001366                DebugMon_Handler
 .text.PendSV_Handler
                0x08001374        0xe CMakeFiles/can.dir/Src/stm32f4xx_it.c.obj
                0x08001374                PendSV_Handler
 .text.SysTick_Handler
                0x08001382        0xc CMakeFiles/can.dir/Src/stm32f4xx_it.c.obj
                0x08001382                SysTick_Handler
 *fill*         0x0800138e        0x2 
 .text.CAN1_RX0_IRQHandler
                0x08001390       0x14 CMakeFiles/can.dir/Src/stm32f4xx_it.c.obj
                0x08001390                CAN1_RX0_IRQHandler
 .text.CAN2_RX0_IRQHandler
                0x080013a4       0x14 CMakeFiles/can.dir/Src/stm32f4xx_it.c.obj
                0x080013a4                CAN2_RX0_IRQHandler
 .text.HAL_MspInit
                0x080013b8       0x50 CMakeFiles/can.dir/Src/stm32f4xx_hal_msp.c.obj
                0x080013b8                HAL_MspInit
 .text.HAL_CAN_Init
                0x08001408      0x1f6 CMakeFiles/can.dir/Drivers/STM32F4xx_HAL_Driver/Src/stm32f4xx_hal_can.c.obj
                0x08001408                HAL_CAN_Init
 *fill*         0x080015fe        0x2 
 .text.HAL_CAN_ConfigFilter
                0x08001600      0x1bc CMakeFiles/can.dir/Drivers/STM32F4xx_HAL_Driver/Src/stm32f4xx_hal_can.c.obj
                0x08001600                HAL_CAN_ConfigFilter
 .text.HAL_CAN_Start
                0x080017bc       0x88 CMakeFiles/can.dir/Drivers/STM32F4xx_HAL_Driver/Src/stm32f4xx_hal_can.c.obj
                0x080017bc                HAL_CAN_Start
 .text.HAL_CAN_AddTxMessage
                0x08001844      0x1a0 CMakeFiles/can.dir/Drivers/STM32F4xx_HAL_Driver/Src/stm32f4xx_hal_can.c.obj
                0x08001844                HAL_CAN_AddTxMessage
 .text.HAL_CAN_GetRxMessage
                0x080019e4      0x244 CMakeFiles/can.dir/Drivers/STM32F4xx_HAL_Driver/Src/stm32f4xx_hal_can.c.obj
                0x080019e4                HAL_CAN_GetRxMessage
 .text.HAL_CAN_ActivateNotification
                0x08001c28       0x4c CMakeFiles/can.dir/Drivers/STM32F4xx_HAL_Driver/Src/stm32f4xx_hal_can.c.obj
                0x08001c28                HAL_CAN_ActivateNotification
 .text.HAL_CAN_IRQHandler
                0x08001c74      0x36e CMakeFiles/can.dir/Drivers/STM32F4xx_HAL_Driver/Src/stm32f4xx_hal_can.c.obj
                0x08001c74                HAL_CAN_IRQHandler
 .text.HAL_CAN_TxMailbox0CompleteCallback
                0x08001fe2       0x14 CMakeFiles/can.dir/Drivers/STM32F4xx_HAL_Driver/Src/stm32f4xx_hal_can.c.obj
                0x08001fe2                HAL_CAN_TxMailbox0CompleteCallback
 .text.HAL_CAN_TxMailbox1CompleteCallback
                0x08001ff6       0x14 CMakeFiles/can.dir/Drivers/STM32F4xx_HAL_Driver/Src/stm32f4xx_hal_can.c.obj
                0x08001ff6                HAL_CAN_TxMailbox1CompleteCallback
 .text.HAL_CAN_TxMailbox2CompleteCallback
                0x0800200a       0x14 CMakeFiles/can.dir/Drivers/STM32F4xx_HAL_Driver/Src/stm32f4xx_hal_can.c.obj
                0x0800200a                HAL_CAN_TxMailbox2CompleteCallback
 .text.HAL_CAN_TxMailbox0AbortCallback
                0x0800201e       0x14 CMakeFiles/can.dir/Drivers/STM32F4xx_HAL_Driver/Src/stm32f4xx_hal_can.c.obj
                0x0800201e                HAL_CAN_TxMailbox0AbortCallback
 .text.HAL_CAN_TxMailbox1AbortCallback
                0x08002032       0x14 CMakeFiles/can.dir/Drivers/STM32F4xx_HAL_Driver/Src/stm32f4xx_hal_can.c.obj
                0x08002032                HAL_CAN_TxMailbox1AbortCallback
 .text.HAL_CAN_TxMailbox2AbortCallback
                0x08002046       0x14 CMakeFiles/can.dir/Drivers/STM32F4xx_HAL_Driver/Src/stm32f4xx_hal_can.c.obj
                0x08002046                HAL_CAN_TxMailbox2AbortCallback
 .text.HAL_CAN_RxFifo0FullCallback
                0x0800205a       0x14 CMakeFiles/can.dir/Drivers/STM32F4xx_HAL_Driver/Src/stm32f4xx_hal_can.c.obj
                0x0800205a                HAL_CAN_RxFifo0FullCallback
 .text.HAL_CAN_RxFifo1MsgPendingCallback
                0x0800206e       0x14 CMakeFiles/can.dir/Drivers/STM32F4xx_HAL_Driver/Src/stm32f4xx_hal_can.c.obj
                0x0800206e                HAL_CAN_RxFifo1MsgPendingCallback
 .text.HAL_CAN_RxFifo1FullCallback
                0x08002082       0x14 CMakeFiles/can.dir/Drivers/STM32F4xx_HAL_Driver/Src/stm32f4xx_hal_can.c.obj
                0x08002082                HAL_CAN_RxFifo1FullCallback
 .text.HAL_CAN_SleepCallback
                0x08002096       0x14 CMakeFiles/can.dir/Drivers/STM32F4xx_HAL_Driver/Src/stm32f4xx_hal_can.c.obj
                0x08002096                HAL_CAN_SleepCallback
 .text.HAL_CAN_WakeUpFromRxMsgCallback
                0x080020aa       0x14 CMakeFiles/can.dir/Drivers/STM32F4xx_HAL_Driver/Src/stm32f4xx_hal_can.c.obj
                0x080020aa                HAL_CAN_WakeUpFromRxMsgCallback
 .text.HAL_CAN_ErrorCallback
                0x080020be       0x14 CMakeFiles/can.dir/Drivers/STM32F4xx_HAL_Driver/Src/stm32f4xx_hal_can.c.obj
                0x080020be                HAL_CAN_ErrorCallback
 *fill*         0x080020d2        0x2 
 .text.HAL_RCC_OscConfig
                0x080020d4      0x4f0 CMakeFiles/can.dir/Drivers/STM32F4xx_HAL_Driver/Src/stm32f4xx_hal_rcc.c.obj
                0x080020d4                HAL_RCC_OscConfig
 .text.HAL_RCC_ClockConfig
                0x080025c4      0x1cc CMakeFiles/can.dir/Drivers/STM32F4xx_HAL_Driver/Src/stm32f4xx_hal_rcc.c.obj
                0x080025c4                HAL_RCC_ClockConfig
 .text.HAL_RCC_GetSysClockFreq
                0x08002790      0x188 CMakeFiles/can.dir/Drivers/STM32F4xx_HAL_Driver/Src/stm32f4xx_hal_rcc.c.obj
                0x08002790                HAL_RCC_GetSysClockFreq
 .text.HAL_RCC_GetHCLKFreq
                0x08002918       0x18 CMakeFiles/can.dir/Drivers/STM32F4xx_HAL_Driver/Src/stm32f4xx_hal_rcc.c.obj
                0x08002918                HAL_RCC_GetHCLKFreq
 .text.HAL_RCC_GetPCLK1Freq
                0x08002930       0x28 CMakeFiles/can.dir/Drivers/STM32F4xx_HAL_Driver/Src/stm32f4xx_hal_rcc.c.obj
                0x08002930                HAL_RCC_GetPCLK1Freq
 .text.HAL_RCC_GetPCLK2Freq
                0x08002958       0x28 CMakeFiles/can.dir/Drivers/STM32F4xx_HAL_Driver/Src/stm32f4xx_hal_rcc.c.obj
                0x08002958                HAL_RCC_GetPCLK2Freq
 .text.HAL_GPIO_Init
                0x08002980      0x338 CMakeFiles/can.dir/Drivers/STM32F4xx_HAL_Driver/Src/stm32f4xx_hal_gpio.c.obj
                0x08002980                HAL_GPIO_Init
 .text.__NVIC_SetPriorityGrouping
                0x08002cb8       0x48 CMakeFiles/can.dir/Drivers/STM32F4xx_HAL_Driver/Src/stm32f4xx_hal_cortex.c.obj
 .text.__NVIC_GetPriorityGrouping
                0x08002d00       0x1c CMakeFiles/can.dir/Drivers/STM32F4xx_HAL_Driver/Src/stm32f4xx_hal_cortex.c.obj
 .text.__NVIC_EnableIRQ
                0x08002d1c       0x3c CMakeFiles/can.dir/Drivers/STM32F4xx_HAL_Driver/Src/stm32f4xx_hal_cortex.c.obj
 .text.__NVIC_SetPriority
                0x08002d58       0x54 CMakeFiles/can.dir/Drivers/STM32F4xx_HAL_Driver/Src/stm32f4xx_hal_cortex.c.obj
 .text.NVIC_EncodePriority
                0x08002dac       0x66 CMakeFiles/can.dir/Drivers/STM32F4xx_HAL_Driver/Src/stm32f4xx_hal_cortex.c.obj
 *fill*         0x08002e12        0x2 
 .text.SysTick_Config
                0x08002e14       0x44 CMakeFiles/can.dir/Drivers/STM32F4xx_HAL_Driver/Src/stm32f4xx_hal_cortex.c.obj
 .text.HAL_NVIC_SetPriorityGrouping
                0x08002e58       0x16 CMakeFiles/can.dir/Drivers/STM32F4xx_HAL_Driver/Src/stm32f4xx_hal_cortex.c.obj
                0x08002e58                HAL_NVIC_SetPriorityGrouping
 .text.HAL_NVIC_SetPriority
                0x08002e6e       0x38 CMakeFiles/can.dir/Drivers/STM32F4xx_HAL_Driver/Src/stm32f4xx_hal_cortex.c.obj
                0x08002e6e                HAL_NVIC_SetPriority
 .text.HAL_NVIC_EnableIRQ
                0x08002ea6       0x1c CMakeFiles/can.dir/Drivers/STM32F4xx_HAL_Driver/Src/stm32f4xx_hal_cortex.c.obj
                0x08002ea6                HAL_NVIC_EnableIRQ
 .text.HAL_SYSTICK_Config
                0x08002ec2       0x18 CMakeFiles/can.dir/Drivers/STM32F4xx_HAL_Driver/Src/stm32f4xx_hal_cortex.c.obj
                0x08002ec2                HAL_SYSTICK_Config
 *fill*         0x08002eda        0x2 
 .text.HAL_Init
                0x08002edc       0x44 CMakeFiles/can.dir/Drivers/STM32F4xx_HAL_Driver/Src/stm32f4xx_hal.c.obj
                0x08002edc                HAL_Init
 .text.HAL_InitTick
                0x08002f20       0x60 CMakeFiles/can.dir/Drivers/STM32F4xx_HAL_Driver/Src/stm32f4xx_hal.c.obj
                0x08002f20                HAL_InitTick
 .text.HAL_IncTick
                0x08002f80       0x28 CMakeFiles/can.dir/Drivers/STM32F4xx_HAL_Driver/Src/stm32f4xx_hal.c.obj
                0x08002f80                HAL_IncTick
 .text.HAL_GetTick
                0x08002fa8       0x18 CMakeFiles/can.dir/Drivers/STM32F4xx_HAL_Driver/Src/stm32f4xx_hal.c.obj
                0x08002fa8                HAL_GetTick
 .text.HAL_Delay
                0x08002fc0       0x48 CMakeFiles/can.dir/Drivers/STM32F4xx_HAL_Driver/Src/stm32f4xx_hal.c.obj
                0x08002fc0                HAL_Delay
 .text.HAL_UART_Init
                0x08003008       0xa0 CMakeFiles/can.dir/Drivers/STM32F4xx_HAL_Driver/Src/stm32f4xx_hal_uart.c.obj
                0x08003008                HAL_UART_Init
 .text.HAL_UART_Transmit
                0x080030a8      0x116 CMakeFiles/can.dir/Drivers/STM32F4xx_HAL_Driver/Src/stm32f4xx_hal_uart.c.obj
                0x080030a8                HAL_UART_Transmit
 .text.HAL_UART_Receive_IT
                0x080031be       0x4a CMakeFiles/can.dir/Drivers/STM32F4xx_HAL_Driver/Src/stm32f4xx_hal_uart.c.obj
                0x080031be                HAL_UART_Receive_IT
 .text.UART_WaitOnFlagUntilTimeout
                0x08003208       0xb2 CMakeFiles/can.dir/Drivers/STM32F4xx_HAL_Driver/Src/stm32f4xx_hal_uart.c.obj
 .text.UART_Start_Receive_IT
                0x080032ba       0x74 CMakeFiles/can.dir/Drivers/STM32F4xx_HAL_Driver/Src/stm32f4xx_hal_uart.c.obj
                0x080032ba                UART_Start_Receive_IT
 .text.UART_EndRxTransfer
                0x0800332e       0xc6 CMakeFiles/can.dir/Drivers/STM32F4xx_HAL_Driver/Src/stm32f4xx_hal_uart.c.obj
 .text.UART_SetConfig
                0x080033f4      0x4e8 CMakeFiles/can.dir/Drivers/STM32F4xx_HAL_Driver/Src/stm32f4xx_hal_uart.c.obj
 .text.SystemInit
                0x080038dc       0x24 CMakeFiles/can.dir/Src/system_stm32f4xx.c.obj
                0x080038dc                SystemInit
 .text._sbrk    0x08003900       0x6c CMakeFiles/can.dir/Src/sysmem.c.obj
                0x08003900                _sbrk
 .text.Reset_Handler
                0x0800396c       0x50 CMakeFiles/can.dir/startup_stm32f407xx.s.obj
                0x0800396c                Reset_Handler
 .text.Default_Handler
                0x080039bc        0x2 CMakeFiles/can.dir/startup_stm32f407xx.s.obj
                0x080039bc                RTC_Alarm_IRQHandler
                0x080039bc                HASH_RNG_IRQHandler
                0x080039bc                EXTI2_IRQHandler
                0x080039bc                TIM8_CC_IRQHandler
                0x080039bc                TIM1_CC_IRQHandler
                0x080039bc                DMA2_Stream5_IRQHandler
                0x080039bc                DMA1_Stream5_IRQHandler
                0x080039bc                PVD_IRQHandler
                0x080039bc                SDIO_IRQHandler
                0x080039bc                TAMP_STAMP_IRQHandler
                0x080039bc                CAN2_RX1_IRQHandler
                0x080039bc                EXTI3_IRQHandler
                0x080039bc                TIM8_TRG_COM_TIM14_IRQHandler
                0x080039bc                TIM1_UP_TIM10_IRQHandler
                0x080039bc                TIM8_UP_TIM13_IRQHandler
                0x080039bc                I2C3_ER_IRQHandler
                0x080039bc                EXTI0_IRQHandler
                0x080039bc                I2C2_EV_IRQHandler
                0x080039bc                DMA1_Stream2_IRQHandler
                0x080039bc                FPU_IRQHandler
                0x080039bc                OTG_HS_WKUP_IRQHandler
                0x080039bc                CAN2_SCE_IRQHandler
                0x080039bc                DMA2_Stream2_IRQHandler
                0x080039bc                SPI1_IRQHandler
                0x080039bc                TIM6_DAC_IRQHandler
                0x080039bc                TIM1_BRK_TIM9_IRQHandler
                0x080039bc                DCMI_IRQHandler
                0x080039bc                DMA2_Stream3_IRQHandler
                0x080039bc                USART6_IRQHandler
                0x080039bc                USART3_IRQHandler
                0x080039bc                CAN1_RX1_IRQHandler
                0x080039bc                UART5_IRQHandler
                0x080039bc                DMA2_Stream0_IRQHandler
                0x080039bc                TIM4_IRQHandler
                0x080039bc                I2C1_EV_IRQHandler
                0x080039bc                DMA1_Stream6_IRQHandler
                0x080039bc                DMA1_Stream1_IRQHandler
                0x080039bc                UART4_IRQHandler
                0x080039bc                TIM3_IRQHandler
                0x080039bc                RCC_IRQHandler
                0x080039bc                TIM8_BRK_TIM12_IRQHandler
                0x080039bc                Default_Handler
                0x080039bc                EXTI15_10_IRQHandler
                0x080039bc                ADC_IRQHandler
                0x080039bc                DMA1_Stream7_IRQHandler
                0x080039bc                TIM7_IRQHandler
                0x080039bc                CAN2_TX_IRQHandler
                0x080039bc                TIM5_IRQHandler
                0x080039bc                DMA2_Stream7_IRQHandler
                0x080039bc                I2C3_EV_IRQHandler
                0x080039bc                EXTI9_5_IRQHandler
                0x080039bc                RTC_WKUP_IRQHandler
                0x080039bc                ETH_WKUP_IRQHandler
                0x080039bc                SPI2_IRQHandler
                0x080039bc                OTG_HS_EP1_IN_IRQHandler
                0x080039bc                DMA1_Stream0_IRQHandler
                0x080039bc                CAN1_TX_IRQHandler
                0x080039bc                EXTI4_IRQHandler
                0x080039bc                FSMC_IRQHandler
                0x080039bc                ETH_IRQHandler
                0x080039bc                OTG_HS_EP1_OUT_IRQHandler
                0x080039bc                WWDG_IRQHandler
                0x080039bc                TIM2_IRQHandler
                0x080039bc                OTG_FS_WKUP_IRQHandler
                0x080039bc                TIM1_TRG_COM_TIM11_IRQHandler
                0x080039bc                OTG_HS_IRQHandler
                0x080039bc                EXTI1_IRQHandler
                0x080039bc                USART2_IRQHandler
                0x080039bc                I2C2_ER_IRQHandler
                0x080039bc                DMA2_Stream1_IRQHandler
                0x080039bc                CAN1_SCE_IRQHandler
                0x080039bc                FLASH_IRQHandler
                0x080039bc                DMA2_Stream4_IRQHandler
                0x080039bc                USART1_IRQHandler
                0x080039bc                OTG_FS_IRQHandler
                0x080039bc                SPI3_IRQHandler
                0x080039bc                DMA1_Stream4_IRQHandler
                0x080039bc                I2C1_ER_IRQHandler
                0x080039bc                DMA2_Stream6_IRQHandler
                0x080039bc                DMA1_Stream3_IRQHandler
 *fill*         0x080039be        0x2 
 .text.__udivmoddi4
                0x080039c0      0x2f8 D:/Toolchain/arm-gnu-toolchain-14.3.rel1-mingw-w64-i686-arm-none-eabi/bin/../lib/gcc/arm-none-eabi/14.3.1/thumb/v7e-m+fp/hard\libgcc.a(_udivmoddi4.o)
                0x080039c0                __udivmoddi4
 .text.sprintf  0x08003cb8       0x44 D:/Toolchain/arm-gnu-toolchain-14.3.rel1-mingw-w64-i686-arm-none-eabi/bin/../lib/gcc/arm-none-eabi/14.3.1/../../../../arm-none-eabi/lib/thumb/v7e-m+fp/hard\libg_nano.a(libc_a-sprintf.o)
                0x08003cb8                siprintf
                0x08003cb8                sprintf
 .text.__errno  0x08003cfc        0xc D:/Toolchain/arm-gnu-toolchain-14.3.rel1-mingw-w64-i686-arm-none-eabi/bin/../lib/gcc/arm-none-eabi/14.3.1/../../../../arm-none-eabi/lib/thumb/v7e-m+fp/hard\libg_nano.a(libc_a-errno.o)
                0x08003cfc                __errno
 .text.memcpy   0x08003d08       0x1c D:/Toolchain/arm-gnu-toolchain-14.3.rel1-mingw-w64-i686-arm-none-eabi/bin/../lib/gcc/arm-none-eabi/14.3.1/../../../../arm-none-eabi/lib/thumb/v7e-m+fp/hard\libg_nano.a(libc_a-memcpy-stub.o)
                0x08003d08                memcpy
 .text.__ssputs_r
                0x08003d24       0xc0 D:/Toolchain/arm-gnu-toolchain-14.3.rel1-mingw-w64-i686-arm-none-eabi/bin/../lib/gcc/arm-none-eabi/14.3.1/../../../../arm-none-eabi/lib/thumb/v7e-m+fp/hard\libg_nano.a(libc_a-nano-svfprintf.o)
                0x08003d24                __ssputs_r
 .text._svfprintf_r
                0x08003de4      0x1f0 D:/Toolchain/arm-gnu-toolchain-14.3.rel1-mingw-w64-i686-arm-none-eabi/bin/../lib/gcc/arm-none-eabi/14.3.1/../../../../arm-none-eabi/lib/thumb/v7e-m+fp/hard\libg_nano.a(libc_a-nano-svfprintf.o)
                0x08003de4                _svfiprintf_r
                0x08003de4                _svfprintf_r
 .text._printf_common
                0x08003fd4       0xda D:/Toolchain/arm-gnu-toolchain-14.3.rel1-mingw-w64-i686-arm-none-eabi/bin/../lib/gcc/arm-none-eabi/14.3.1/../../../../arm-none-eabi/lib/thumb/v7e-m+fp/hard\libg_nano.a(libc_a-nano-vfprintf_i.o)
                0x08003fd4                _printf_common
 *fill*         0x080040ae        0x2 
 .text._printf_i
                0x080040b0      0x24c D:/Toolchain/arm-gnu-toolchain-14.3.rel1-mingw-w64-i686-arm-none-eabi/bin/../lib/gcc/arm-none-eabi/14.3.1/../../../../arm-none-eabi/lib/thumb/v7e-m+fp/hard\libg_nano.a(libc_a-nano-vfprintf_i.o)
                0x080040b0                _printf_i
 .text.memmove  0x080042fc       0x32 D:/Toolchain/arm-gnu-toolchain-14.3.rel1-mingw-w64-i686-arm-none-eabi/bin/../lib/gcc/arm-none-eabi/14.3.1/../../../../arm-none-eabi/lib/thumb/v7e-m+fp/hard\libg_nano.a(libc_a-memmove.o)
                0x080042fc                memmove
 .text._realloc_r
                0x0800432e       0x5c D:/Toolchain/arm-gnu-toolchain-14.3.rel1-mingw-w64-i686-arm-none-eabi/bin/../lib/gcc/arm-none-eabi/14.3.1/../../../../arm-none-eabi/lib/thumb/v7e-m+fp/hard\libg_nano.a(libc_a-reallocr.o)
                0x0800432e                _realloc_r
 .text._malloc_usable_size_r
                0x0800438a       0x10 D:/Toolchain/arm-gnu-toolchain-14.3.rel1-mingw-w64-i686-arm-none-eabi/bin/../lib/gcc/arm-none-eabi/14.3.1/../../../../arm-none-eabi/lib/thumb/v7e-m+fp/hard\libg_nano.a(libc_a-msizer.o)
                0x0800438a                _malloc_usable_size_r
 *(.glue_7)
 .glue_7        0x0800439a        0x0 linker stubs
 *(.glue_7t)
 .glue_7t       0x0800439a        0x0 linker stubs
 *(.eh_frame)
 *fill*         0x0800439a        0x2 
 .eh_frame      0x0800439c        0x0 D:/Toolchain/arm-gnu-toolchain-14.3.rel1-mingw-w64-i686-arm-none-eabi/bin/../lib/gcc/arm-none-eabi/14.3.1/thumb/v7e-m+fp/hard/crtbegin.o
 *(.init)
 .init          0x0800439c        0x4 D:/Toolchain/arm-gnu-toolchain-14.3.rel1-mingw-w64-i686-arm-none-eabi/bin/../lib/gcc/arm-none-eabi/14.3.1/thumb/v7e-m+fp/hard/crti.o
                0x0800439c                _init
 .init          0x080043a0        0x8 D:/Toolchain/arm-gnu-toolchain-14.3.rel1-mingw-w64-i686-arm-none-eabi/bin/../lib/gcc/arm-none-eabi/14.3.1/thumb/v7e-m+fp/hard/crtn.o
 *(.fini)
 .fini          0x080043a8        0x4 D:/Toolchain/arm-gnu-toolchain-14.3.rel1-mingw-w64-i686-arm-none-eabi/bin/../lib/gcc/arm-none-eabi/14.3.1/thumb/v7e-m+fp/hard/crti.o
                0x080043a8                _fini
 .fini          0x080043ac        0x8 D:/Toolchain/arm-gnu-toolchain-14.3.rel1-mingw-w64-i686-arm-none-eabi/bin/../lib/gcc/arm-none-eabi/14.3.1/thumb/v7e-m+fp/hard/crtn.o
                0x080043b4                        . = ALIGN (0x4)
                0x080043b4                        _etext = .

.vfp11_veneer   0x080043b4        0x0
 .vfp11_veneer  0x080043b4        0x0 linker stubs

.v4_bx          0x080043b4        0x0
 .v4_bx         0x080043b4        0x0 linker stubs

.iplt           0x080043b4        0x0
 .iplt          0x080043b4        0x0 D:/Toolchain/arm-gnu-toolchain-14.3.rel1-mingw-w64-i686-arm-none-eabi/bin/../lib/gcc/arm-none-eabi/14.3.1/thumb/v7e-m+fp/hard/crtbegin.o

.rodata         0x080043b4       0x58
                0x080043b4                        . = ALIGN (0x4)
 *(.rodata)
 .rodata        0x080043b4        0xb CMakeFiles/can.dir/application/Vofa_pid.c.obj
 *(.rodata*)
 *fill*         0x080043bf        0x1 
 .rodata.AHBPrescTable
                0x080043c0       0x10 CMakeFiles/can.dir/Src/system_stm32f4xx.c.obj
                0x080043c0                AHBPrescTable
 .rodata.APBPrescTable
                0x080043d0        0x8 CMakeFiles/can.dir/Src/system_stm32f4xx.c.obj
                0x080043d0                APBPrescTable
 .rodata._svfprintf_r.str1.1
                0x080043d8       0x33 D:/Toolchain/arm-gnu-toolchain-14.3.rel1-mingw-w64-i686-arm-none-eabi/bin/../lib/gcc/arm-none-eabi/14.3.1/../../../../arm-none-eabi/lib/thumb/v7e-m+fp/hard\libg_nano.a(libc_a-nano-svfprintf.o)
                                 0x11 (size before relaxing)
 .rodata._printf_i.str1.1
                0x0800440b       0x22 D:/Toolchain/arm-gnu-toolchain-14.3.rel1-mingw-w64-i686-arm-none-eabi/bin/../lib/gcc/arm-none-eabi/14.3.1/../../../../arm-none-eabi/lib/thumb/v7e-m+fp/hard\libg_nano.a(libc_a-nano-vfprintf_i.o)
                0x08004430                        . = ALIGN (0x4)
 *fill*         0x0800440b        0x1 

.ARM.extab
 *(.ARM.extab* .gnu.linkonce.armextab.*)

.ARM            0x0800440c        0x8
                0x0800440c                        __exidx_start = .
 *(.ARM.exidx*)
 .ARM.exidx     0x0800440c        0x8 D:/Toolchain/arm-gnu-toolchain-14.3.rel1-mingw-w64-i686-arm-none-eabi/bin/../lib/gcc/arm-none-eabi/14.3.1/../../../../arm-none-eabi/lib/thumb/v7e-m+fp/hard\libg_nano.a(libc_a-strlen.o)
 .ARM.exidx     0x08004414        0x0 D:/Toolchain/arm-gnu-toolchain-14.3.rel1-mingw-w64-i686-arm-none-eabi/bin/../lib/gcc/arm-none-eabi/14.3.1/../../../../arm-none-eabi/lib/thumb/v7e-m+fp/hard\libg_nano.a(libc_a-memchr.o)
                                  0x8 (size before relaxing)
 .ARM.exidx.text.__udivmoddi4
                0x08004414        0x0 D:/Toolchain/arm-gnu-toolchain-14.3.rel1-mingw-w64-i686-arm-none-eabi/bin/../lib/gcc/arm-none-eabi/14.3.1/thumb/v7e-m+fp/hard\libgcc.a(_udivmoddi4.o)
                                  0x8 (size before relaxing)
                0x08004414                        __exidx_end = .

.rel.dyn        0x08004414        0x0
 .rel.iplt      0x08004414        0x0 D:/Toolchain/arm-gnu-toolchain-14.3.rel1-mingw-w64-i686-arm-none-eabi/bin/../lib/gcc/arm-none-eabi/14.3.1/thumb/v7e-m+fp/hard/crtbegin.o

.preinit_array  0x08004414        0x0
                0x08004414                        PROVIDE (__preinit_array_start = .)
 *(.preinit_array*)
                0x08004414                        PROVIDE (__preinit_array_end = .)

.init_array     0x08004414        0x4
                0x08004414                        PROVIDE (__init_array_start = .)
 *(SORT_BY_NAME(.init_array.*))
 *(.init_array*)
 .init_array    0x08004414        0x4 D:/Toolchain/arm-gnu-toolchain-14.3.rel1-mingw-w64-i686-arm-none-eabi/bin/../lib/gcc/arm-none-eabi/14.3.1/thumb/v7e-m+fp/hard/crtbegin.o
                0x08004418                        PROVIDE (__init_array_end = .)

.fini_array     0x08004418        0x4
                [!provide]                        PROVIDE (__fini_array_start = .)
 *(SORT_BY_NAME(.fini_array.*))
 *(.fini_array*)
 .fini_array    0x08004418        0x4 D:/Toolchain/arm-gnu-toolchain-14.3.rel1-mingw-w64-i686-arm-none-eabi/bin/../lib/gcc/arm-none-eabi/14.3.1/thumb/v7e-m+fp/hard/crtbegin.o
                [!provide]                        PROVIDE (__fini_array_end = .)
                0x0800441c                        _sidata = LOADADDR (.data)

.data           0x20000000       0x5c load address 0x0800441c
                0x20000000                        . = ALIGN (0x4)
                0x20000000                        _sdata = .
 *(.data)
 *(.data*)
 .data._impure_ptr
                0x20000000        0x4 D:/Toolchain/arm-gnu-toolchain-14.3.rel1-mingw-w64-i686-arm-none-eabi/bin/../lib/gcc/arm-none-eabi/14.3.1/../../../../arm-none-eabi/lib/thumb/v7e-m+fp/hard\libc_nano.a(libc_a-impure.o)
                0x20000000                _impure_ptr
 .data._impure_data
                0x20000004       0x4c D:/Toolchain/arm-gnu-toolchain-14.3.rel1-mingw-w64-i686-arm-none-eabi/bin/../lib/gcc/arm-none-eabi/14.3.1/../../../../arm-none-eabi/lib/thumb/v7e-m+fp/hard\libc_nano.a(libc_a-impure.o)
                0x20000004                _impure_data
 .data.uwTickPrio
                0x20000050        0x4 CMakeFiles/can.dir/Drivers/STM32F4xx_HAL_Driver/Src/stm32f4xx_hal.c.obj
                0x20000050                uwTickPrio
 .data.uwTickFreq
                0x20000054        0x1 CMakeFiles/can.dir/Drivers/STM32F4xx_HAL_Driver/Src/stm32f4xx_hal.c.obj
                0x20000054                uwTickFreq
 *fill*         0x20000055        0x3 
 .data.SystemCoreClock
                0x20000058        0x4 CMakeFiles/can.dir/Src/system_stm32f4xx.c.obj
                0x20000058                SystemCoreClock
                0x2000005c                        . = ALIGN (0x4)
                0x2000005c                        _edata = .
                0x08004478                        _siccmram = LOADADDR (.ccmram)

.tm_clone_table
                0x2000005c        0x0 load address 0x08004478
 .tm_clone_table
                0x2000005c        0x0 D:/Toolchain/arm-gnu-toolchain-14.3.rel1-mingw-w64-i686-arm-none-eabi/bin/../lib/gcc/arm-none-eabi/14.3.1/thumb/v7e-m+fp/hard/crtbegin.o
 .tm_clone_table
                0x2000005c        0x0 D:/Toolchain/arm-gnu-toolchain-14.3.rel1-mingw-w64-i686-arm-none-eabi/bin/../lib/gcc/arm-none-eabi/14.3.1/thumb/v7e-m+fp/hard/crtend.o

.igot.plt       0x2000005c        0x0 load address 0x08004478
 .igot.plt      0x2000005c        0x0 D:/Toolchain/arm-gnu-toolchain-14.3.rel1-mingw-w64-i686-arm-none-eabi/bin/../lib/gcc/arm-none-eabi/14.3.1/thumb/v7e-m+fp/hard/crtbegin.o

.ccmram         0x10000000        0x0 load address 0x08004478
                0x10000000                        . = ALIGN (0x4)
                0x10000000                        _sccmram = .
 *(.ccmram)
 *(.ccmram*)
                0x10000000                        . = ALIGN (0x4)
                0x10000000                        _eccmram = .
                0x10000000                        . = ALIGN (0x4)

.bss            0x2000005c      0x2ac
                0x2000005c                        _sbss = .
                0x2000005c                        __bss_start__ = _sbss
 *(.bss)
 *(.bss*)
 .bss.completed.1
                0x2000005c        0x1 D:/Toolchain/arm-gnu-toolchain-14.3.rel1-mingw-w64-i686-arm-none-eabi/bin/../lib/gcc/arm-none-eabi/14.3.1/thumb/v7e-m+fp/hard/crtbegin.o
 *fill*         0x2000005d        0x3 
 .bss.object.0  0x20000060       0x18 D:/Toolchain/arm-gnu-toolchain-14.3.rel1-mingw-w64-i686-arm-none-eabi/bin/../lib/gcc/arm-none-eabi/14.3.1/thumb/v7e-m+fp/hard/crtbegin.o
 .bss.__sf      0x20000078      0x138 D:/Toolchain/arm-gnu-toolchain-14.3.rel1-mingw-w64-i686-arm-none-eabi/bin/../lib/gcc/arm-none-eabi/14.3.1/../../../../arm-none-eabi/lib/thumb/v7e-m+fp/hard\libc_nano.a(libc_a-findfp.o)
                0x20000078                __sf
 .bss.errno     0x200001b0        0x4 D:/Toolchain/arm-gnu-toolchain-14.3.rel1-mingw-w64-i686-arm-none-eabi/bin/../lib/gcc/arm-none-eabi/14.3.1/../../../../arm-none-eabi/lib/thumb/v7e-m+fp/hard\libc_nano.a(libc_a-reent.o)
                0x200001b0                errno
 .bss.__lock___malloc_recursive_mutex
                0x200001b4        0x1 D:/Toolchain/arm-gnu-toolchain-14.3.rel1-mingw-w64-i686-arm-none-eabi/bin/../lib/gcc/arm-none-eabi/14.3.1/../../../../arm-none-eabi/lib/thumb/v7e-m+fp/hard\libc_nano.a(libc_a-lock.o)
                0x200001b4                __lock___malloc_recursive_mutex
 *fill*         0x200001b5        0x3 
 .bss.__malloc_sbrk_start
                0x200001b8        0x4 D:/Toolchain/arm-gnu-toolchain-14.3.rel1-mingw-w64-i686-arm-none-eabi/bin/../lib/gcc/arm-none-eabi/14.3.1/../../../../arm-none-eabi/lib/thumb/v7e-m+fp/hard\libc_nano.a(libc_a-mallocr.o)
                0x200001b8                __malloc_sbrk_start
 .bss.__malloc_free_list
                0x200001bc        0x4 D:/Toolchain/arm-gnu-toolchain-14.3.rel1-mingw-w64-i686-arm-none-eabi/bin/../lib/gcc/arm-none-eabi/14.3.1/../../../../arm-none-eabi/lib/thumb/v7e-m+fp/hard\libc_nano.a(libc_a-mallocr.o)
                0x200001bc                __malloc_free_list
 .bss.motor_chassis
                0x200001c0       0x46 CMakeFiles/can.dir/application/CAN_receive.c.obj
 *fill*         0x20000206        0x2 
 .bss.gimbal_tx_message
                0x20000208       0x18 CMakeFiles/can.dir/application/CAN_receive.c.obj
 .bss.gimbal_can_send_data
                0x20000220        0x8 CMakeFiles/can.dir/application/CAN_receive.c.obj
 .bss.i.0       0x20000228        0x1 CMakeFiles/can.dir/application/CAN_receive.c.obj
 *fill*         0x20000229        0x3 
 .bss.PID       0x2000022c        0xc CMakeFiles/can.dir/application/PID.c.obj
                0x2000022c                PID
 .bss.ECD       0x20000238        0xa CMakeFiles/can.dir/application/PID.c.obj
                0x20000238                ECD
 *fill*         0x20000242        0x2 
 .bss.Output    0x20000244       0x10 CMakeFiles/can.dir/application/PID.c.obj
                0x20000244                Output
 .bss.Angle     0x20000254        0xc CMakeFiles/can.dir/application/PID.c.obj
                0x20000254                Angle
 .bss.rx_byte   0x20000260        0x1 CMakeFiles/can.dir/application/Vofa_pid.c.obj
 *fill*         0x20000261        0x3 
 .bss.hcan1     0x20000264       0x28 CMakeFiles/can.dir/Src/can.c.obj
                0x20000264                hcan1
 .bss.hcan2     0x2000028c       0x28 CMakeFiles/can.dir/Src/can.c.obj
                0x2000028c                hcan2
 .bss.HAL_RCC_CAN1_CLK_ENABLED
                0x200002b4        0x4 CMakeFiles/can.dir/Src/can.c.obj
 .bss.huart1    0x200002b8       0x48 CMakeFiles/can.dir/Src/usart.c.obj
                0x200002b8                huart1
 .bss.uwTick    0x20000300        0x4 CMakeFiles/can.dir/Drivers/STM32F4xx_HAL_Driver/Src/stm32f4xx_hal.c.obj
                0x20000300                uwTick
 .bss.__sbrk_heap_end
                0x20000304        0x4 CMakeFiles/can.dir/Src/sysmem.c.obj
 *(COMMON)
                0x20000308                        . = ALIGN (0x4)
                0x20000308                        _ebss = .
                0x20000308                        __bss_end__ = _ebss

._user_heap_stack
                0x20000308      0x600
                0x20000308                        . = ALIGN (0x8)
                [!provide]                        PROVIDE (end = .)
                0x20000308                        PROVIDE (_end = .)
                0x20000508                        . = (. + _Min_Heap_Size)
 *fill*         0x20000308      0x200 
                0x20000908                        . = (. + _Min_Stack_Size)
 *fill*         0x20000508      0x400 
                0x20000908                        . = ALIGN (0x8)

/DISCARD/
 libc.a(*)
 libm.a(*)
 libgcc.a(*)
OUTPUT(can.elf elf32-littlearm)
LOAD linker stubs
LOAD D:/Toolchain/arm-gnu-toolchain-14.3.rel1-mingw-w64-i686-arm-none-eabi/bin/../lib/gcc/arm-none-eabi/14.3.1/../../../../arm-none-eabi/lib/thumb/v7e-m+fp/hard\libc.a
LOAD D:/Toolchain/arm-gnu-toolchain-14.3.rel1-mingw-w64-i686-arm-none-eabi/bin/../lib/gcc/arm-none-eabi/14.3.1/../../../../arm-none-eabi/lib/thumb/v7e-m+fp/hard\libm.a
LOAD D:/Toolchain/arm-gnu-toolchain-14.3.rel1-mingw-w64-i686-arm-none-eabi/bin/../lib/gcc/arm-none-eabi/14.3.1/thumb/v7e-m+fp/hard\libgcc.a

.ARM.attributes
                0x00000000       0x30
 .ARM.attributes
                0x00000000       0x22 D:/Toolchain/arm-gnu-toolchain-14.3.rel1-mingw-w64-i686-arm-none-eabi/bin/../lib/gcc/arm-none-eabi/14.3.1/thumb/v7e-m+fp/hard/crti.o
 .ARM.attributes
                0x00000022       0x34 D:/Toolchain/arm-gnu-toolchain-14.3.rel1-mingw-w64-i686-arm-none-eabi/bin/../lib/gcc/arm-none-eabi/14.3.1/thumb/v7e-m+fp/hard/crtbegin.o
 .ARM.attributes
                0x00000056       0x34 D:/Toolchain/arm-gnu-toolchain-14.3.rel1-mingw-w64-i686-arm-none-eabi/bin/../lib/gcc/arm-none-eabi/14.3.1/../../../../arm-none-eabi/lib/thumb/v7e-m+fp/hard\libc_nano.a(libc_a-findfp.o)
 .ARM.attributes
                0x0000008a       0x34 D:/Toolchain/arm-gnu-toolchain-14.3.rel1-mingw-w64-i686-arm-none-eabi/bin/../lib/gcc/arm-none-eabi/14.3.1/../../../../arm-none-eabi/lib/thumb/v7e-m+fp/hard\libc_nano.a(libc_a-memset.o)
 .ARM.attributes
                0x000000be       0x34 D:/Toolchain/arm-gnu-toolchain-14.3.rel1-mingw-w64-i686-arm-none-eabi/bin/../lib/gcc/arm-none-eabi/14.3.1/../../../../arm-none-eabi/lib/thumb/v7e-m+fp/hard\libc_nano.a(libc_a-reent.o)
 .ARM.attributes
                0x000000f2       0x34 D:/Toolchain/arm-gnu-toolchain-14.3.rel1-mingw-w64-i686-arm-none-eabi/bin/../lib/gcc/arm-none-eabi/14.3.1/../../../../arm-none-eabi/lib/thumb/v7e-m+fp/hard\libc_nano.a(libc_a-impure.o)
 .ARM.attributes
                0x00000126       0x34 D:/Toolchain/arm-gnu-toolchain-14.3.rel1-mingw-w64-i686-arm-none-eabi/bin/../lib/gcc/arm-none-eabi/14.3.1/../../../../arm-none-eabi/lib/thumb/v7e-m+fp/hard\libc_nano.a(libc_a-init.o)
 .ARM.attributes
                0x0000015a       0x34 D:/Toolchain/arm-gnu-toolchain-14.3.rel1-mingw-w64-i686-arm-none-eabi/bin/../lib/gcc/arm-none-eabi/14.3.1/../../../../arm-none-eabi/lib/thumb/v7e-m+fp/hard\libc_nano.a(libc_a-lock.o)
 .ARM.attributes
                0x0000018e       0x34 D:/Toolchain/arm-gnu-toolchain-14.3.rel1-mingw-w64-i686-arm-none-eabi/bin/../lib/gcc/arm-none-eabi/14.3.1/../../../../arm-none-eabi/lib/thumb/v7e-m+fp/hard\libc_nano.a(libc_a-freer.o)
 .ARM.attributes
                0x000001c2       0x34 D:/Toolchain/arm-gnu-toolchain-14.3.rel1-mingw-w64-i686-arm-none-eabi/bin/../lib/gcc/arm-none-eabi/14.3.1/../../../../arm-none-eabi/lib/thumb/v7e-m+fp/hard\libc_nano.a(libc_a-mallocr.o)
 .ARM.attributes
                0x000001f6       0x34 D:/Toolchain/arm-gnu-toolchain-14.3.rel1-mingw-w64-i686-arm-none-eabi/bin/../lib/gcc/arm-none-eabi/14.3.1/../../../../arm-none-eabi/lib/thumb/v7e-m+fp/hard\libc_nano.a(libc_a-mlock.o)
 .ARM.attributes
                0x0000022a       0x34 D:/Toolchain/arm-gnu-toolchain-14.3.rel1-mingw-w64-i686-arm-none-eabi/bin/../lib/gcc/arm-none-eabi/14.3.1/../../../../arm-none-eabi/lib/thumb/v7e-m+fp/hard\libc_nano.a(libc_a-sbrkr.o)
 .ARM.attributes
                0x0000025e       0x34 CMakeFiles/can.dir/application/CAN_receive.c.obj
 .ARM.attributes
                0x00000292       0x34 CMakeFiles/can.dir/application/PID.c.obj
 .ARM.attributes
                0x000002c6       0x34 CMakeFiles/can.dir/application/Vofa_pid.c.obj
 .ARM.attributes
                0x000002fa       0x34 CMakeFiles/can.dir/BSP/boards/bsp_can.c.obj
 .ARM.attributes
                0x0000032e       0x34 CMakeFiles/can.dir/Src/main.c.obj
 .ARM.attributes
                0x00000362       0x34 CMakeFiles/can.dir/Src/gpio.c.obj
 .ARM.attributes
                0x00000396       0x34 CMakeFiles/can.dir/Src/can.c.obj
 .ARM.attributes
                0x000003ca       0x34 CMakeFiles/can.dir/Src/usart.c.obj
 .ARM.attributes
                0x000003fe       0x34 CMakeFiles/can.dir/Src/stm32f4xx_it.c.obj
 .ARM.attributes
                0x00000432       0x34 CMakeFiles/can.dir/Src/stm32f4xx_hal_msp.c.obj
 .ARM.attributes
                0x00000466       0x34 CMakeFiles/can.dir/Drivers/STM32F4xx_HAL_Driver/Src/stm32f4xx_hal_can.c.obj
 .ARM.attributes
                0x0000049a       0x34 CMakeFiles/can.dir/Drivers/STM32F4xx_HAL_Driver/Src/stm32f4xx_hal_rcc.c.obj
 .ARM.attributes
                0x000004ce       0x34 CMakeFiles/can.dir/Drivers/STM32F4xx_HAL_Driver/Src/stm32f4xx_hal_gpio.c.obj
 .ARM.attributes
                0x00000502       0x34 CMakeFiles/can.dir/Drivers/STM32F4xx_HAL_Driver/Src/stm32f4xx_hal_cortex.c.obj
 .ARM.attributes
                0x00000536       0x34 CMakeFiles/can.dir/Drivers/STM32F4xx_HAL_Driver/Src/stm32f4xx_hal.c.obj
 .ARM.attributes
                0x0000056a       0x34 CMakeFiles/can.dir/Drivers/STM32F4xx_HAL_Driver/Src/stm32f4xx_hal_uart.c.obj
 .ARM.attributes
                0x0000059e       0x34 CMakeFiles/can.dir/Src/system_stm32f4xx.c.obj
 .ARM.attributes
                0x000005d2       0x34 CMakeFiles/can.dir/Src/sysmem.c.obj
 .ARM.attributes
                0x00000606       0x21 CMakeFiles/can.dir/startup_stm32f407xx.s.obj
 .ARM.attributes
                0x00000627       0x22 D:/Toolchain/arm-gnu-toolchain-14.3.rel1-mingw-w64-i686-arm-none-eabi/bin/../lib/gcc/arm-none-eabi/14.3.1/thumb/v7e-m+fp/hard\libgcc.a(_arm_addsubdf3.o)
 .ARM.attributes
                0x00000649       0x22 D:/Toolchain/arm-gnu-toolchain-14.3.rel1-mingw-w64-i686-arm-none-eabi/bin/../lib/gcc/arm-none-eabi/14.3.1/thumb/v7e-m+fp/hard\libgcc.a(_aeabi_uldivmod.o)
 .ARM.attributes
                0x0000066b       0x34 D:/Toolchain/arm-gnu-toolchain-14.3.rel1-mingw-w64-i686-arm-none-eabi/bin/../lib/gcc/arm-none-eabi/14.3.1/thumb/v7e-m+fp/hard\libgcc.a(_udivmoddi4.o)
 .ARM.attributes
                0x0000069f       0x22 D:/Toolchain/arm-gnu-toolchain-14.3.rel1-mingw-w64-i686-arm-none-eabi/bin/../lib/gcc/arm-none-eabi/14.3.1/thumb/v7e-m+fp/hard\libgcc.a(_dvmd_tls.o)
 .ARM.attributes
                0x000006c1       0x34 D:/Toolchain/arm-gnu-toolchain-14.3.rel1-mingw-w64-i686-arm-none-eabi/bin/../lib/gcc/arm-none-eabi/14.3.1/../../../../arm-none-eabi/lib/thumb/v7e-m+fp/hard\libg_nano.a(libc_a-sprintf.o)
 .ARM.attributes
                0x000006f5       0x34 D:/Toolchain/arm-gnu-toolchain-14.3.rel1-mingw-w64-i686-arm-none-eabi/bin/../lib/gcc/arm-none-eabi/14.3.1/../../../../arm-none-eabi/lib/thumb/v7e-m+fp/hard\libg_nano.a(libc_a-errno.o)
 .ARM.attributes
                0x00000729       0x34 D:/Toolchain/arm-gnu-toolchain-14.3.rel1-mingw-w64-i686-arm-none-eabi/bin/../lib/gcc/arm-none-eabi/14.3.1/../../../../arm-none-eabi/lib/thumb/v7e-m+fp/hard\libg_nano.a(libc_a-memcpy-stub.o)
 .ARM.attributes
                0x0000075d       0x17 D:/Toolchain/arm-gnu-toolchain-14.3.rel1-mingw-w64-i686-arm-none-eabi/bin/../lib/gcc/arm-none-eabi/14.3.1/../../../../arm-none-eabi/lib/thumb/v7e-m+fp/hard\libg_nano.a(libc_a-strlen.o)
 .ARM.attributes
                0x00000774       0x34 D:/Toolchain/arm-gnu-toolchain-14.3.rel1-mingw-w64-i686-arm-none-eabi/bin/../lib/gcc/arm-none-eabi/14.3.1/../../../../arm-none-eabi/lib/thumb/v7e-m+fp/hard\libg_nano.a(libc_a-nano-svfprintf.o)
 .ARM.attributes
                0x000007a8       0x34 D:/Toolchain/arm-gnu-toolchain-14.3.rel1-mingw-w64-i686-arm-none-eabi/bin/../lib/gcc/arm-none-eabi/14.3.1/../../../../arm-none-eabi/lib/thumb/v7e-m+fp/hard\libg_nano.a(libc_a-nano-vfprintf_i.o)
 .ARM.attributes
                0x000007dc       0x34 D:/Toolchain/arm-gnu-toolchain-14.3.rel1-mingw-w64-i686-arm-none-eabi/bin/../lib/gcc/arm-none-eabi/14.3.1/../../../../arm-none-eabi/lib/thumb/v7e-m+fp/hard\libg_nano.a(libc_a-memmove.o)
 .ARM.attributes
                0x00000810       0x1c D:/Toolchain/arm-gnu-toolchain-14.3.rel1-mingw-w64-i686-arm-none-eabi/bin/../lib/gcc/arm-none-eabi/14.3.1/../../../../arm-none-eabi/lib/thumb/v7e-m+fp/hard\libg_nano.a(libc_a-memchr.o)
 .ARM.attributes
                0x0000082c       0x34 D:/Toolchain/arm-gnu-toolchain-14.3.rel1-mingw-w64-i686-arm-none-eabi/bin/../lib/gcc/arm-none-eabi/14.3.1/../../../../arm-none-eabi/lib/thumb/v7e-m+fp/hard\libg_nano.a(libc_a-reallocr.o)
 .ARM.attributes
                0x00000860       0x34 D:/Toolchain/arm-gnu-toolchain-14.3.rel1-mingw-w64-i686-arm-none-eabi/bin/../lib/gcc/arm-none-eabi/14.3.1/../../../../arm-none-eabi/lib/thumb/v7e-m+fp/hard\libg_nano.a(libc_a-msizer.o)
 .ARM.attributes
                0x00000894       0x34 D:/Toolchain/arm-gnu-toolchain-14.3.rel1-mingw-w64-i686-arm-none-eabi/bin/../lib/gcc/arm-none-eabi/14.3.1/thumb/v7e-m+fp/hard/crtend.o
 .ARM.attributes
                0x000008c8       0x22 D:/Toolchain/arm-gnu-toolchain-14.3.rel1-mingw-w64-i686-arm-none-eabi/bin/../lib/gcc/arm-none-eabi/14.3.1/thumb/v7e-m+fp/hard/crtn.o

.comment        0x00000000       0x46
 .comment       0x00000000       0x46 CMakeFiles/can.dir/application/CAN_receive.c.obj
                                 0x47 (size before relaxing)
 .comment       0x00000046       0x47 CMakeFiles/can.dir/application/PID.c.obj
 .comment       0x00000046       0x47 CMakeFiles/can.dir/application/Vofa_pid.c.obj
 .comment       0x00000046       0x47 CMakeFiles/can.dir/BSP/boards/bsp_can.c.obj
 .comment       0x00000046       0x47 CMakeFiles/can.dir/Src/main.c.obj
 .comment       0x00000046       0x47 CMakeFiles/can.dir/Src/gpio.c.obj
 .comment       0x00000046       0x47 CMakeFiles/can.dir/Src/can.c.obj
 .comment       0x00000046       0x47 CMakeFiles/can.dir/Src/usart.c.obj
 .comment       0x00000046       0x47 CMakeFiles/can.dir/Src/stm32f4xx_it.c.obj
 .comment       0x00000046       0x47 CMakeFiles/can.dir/Src/stm32f4xx_hal_msp.c.obj
 .comment       0x00000046       0x47 CMakeFiles/can.dir/Drivers/STM32F4xx_HAL_Driver/Src/stm32f4xx_hal_can.c.obj
 .comment       0x00000046       0x47 CMakeFiles/can.dir/Drivers/STM32F4xx_HAL_Driver/Src/stm32f4xx_hal_rcc.c.obj
 .comment       0x00000046       0x47 CMakeFiles/can.dir/Drivers/STM32F4xx_HAL_Driver/Src/stm32f4xx_hal_gpio.c.obj
 .comment       0x00000046       0x47 CMakeFiles/can.dir/Drivers/STM32F4xx_HAL_Driver/Src/stm32f4xx_hal_cortex.c.obj
 .comment       0x00000046       0x47 CMakeFiles/can.dir/Drivers/STM32F4xx_HAL_Driver/Src/stm32f4xx_hal.c.obj
 .comment       0x00000046       0x47 CMakeFiles/can.dir/Drivers/STM32F4xx_HAL_Driver/Src/stm32f4xx_hal_uart.c.obj
 .comment       0x00000046       0x47 CMakeFiles/can.dir/Src/system_stm32f4xx.c.obj
 .comment       0x00000046       0x47 CMakeFiles/can.dir/Src/sysmem.c.obj

.debug_frame    0x00000000     0x27d4
 .debug_frame   0x00000000      0x144 D:/Toolchain/arm-gnu-toolchain-14.3.rel1-mingw-w64-i686-arm-none-eabi/bin/../lib/gcc/arm-none-eabi/14.3.1/../../../../arm-none-eabi/lib/thumb/v7e-m+fp/hard\libc_nano.a(libc_a-findfp.o)
 .debug_frame   0x00000144       0x20 D:/Toolchain/arm-gnu-toolchain-14.3.rel1-mingw-w64-i686-arm-none-eabi/bin/../lib/gcc/arm-none-eabi/14.3.1/../../../../arm-none-eabi/lib/thumb/v7e-m+fp/hard\libc_nano.a(libc_a-memset.o)
 .debug_frame   0x00000164       0x38 D:/Toolchain/arm-gnu-toolchain-14.3.rel1-mingw-w64-i686-arm-none-eabi/bin/../lib/gcc/arm-none-eabi/14.3.1/../../../../arm-none-eabi/lib/thumb/v7e-m+fp/hard\libc_nano.a(libc_a-reent.o)
 .debug_frame   0x0000019c       0x2c D:/Toolchain/arm-gnu-toolchain-14.3.rel1-mingw-w64-i686-arm-none-eabi/bin/../lib/gcc/arm-none-eabi/14.3.1/../../../../arm-none-eabi/lib/thumb/v7e-m+fp/hard\libc_nano.a(libc_a-init.o)
 .debug_frame   0x000001c8       0xb0 D:/Toolchain/arm-gnu-toolchain-14.3.rel1-mingw-w64-i686-arm-none-eabi/bin/../lib/gcc/arm-none-eabi/14.3.1/../../../../arm-none-eabi/lib/thumb/v7e-m+fp/hard\libc_nano.a(libc_a-lock.o)
 .debug_frame   0x00000278       0x38 D:/Toolchain/arm-gnu-toolchain-14.3.rel1-mingw-w64-i686-arm-none-eabi/bin/../lib/gcc/arm-none-eabi/14.3.1/../../../../arm-none-eabi/lib/thumb/v7e-m+fp/hard\libc_nano.a(libc_a-freer.o)
 .debug_frame   0x000002b0       0x50 D:/Toolchain/arm-gnu-toolchain-14.3.rel1-mingw-w64-i686-arm-none-eabi/bin/../lib/gcc/arm-none-eabi/14.3.1/../../../../arm-none-eabi/lib/thumb/v7e-m+fp/hard\libc_nano.a(libc_a-mallocr.o)
 .debug_frame   0x00000300       0x30 D:/Toolchain/arm-gnu-toolchain-14.3.rel1-mingw-w64-i686-arm-none-eabi/bin/../lib/gcc/arm-none-eabi/14.3.1/../../../../arm-none-eabi/lib/thumb/v7e-m+fp/hard\libc_nano.a(libc_a-mlock.o)
 .debug_frame   0x00000330       0x2c D:/Toolchain/arm-gnu-toolchain-14.3.rel1-mingw-w64-i686-arm-none-eabi/bin/../lib/gcc/arm-none-eabi/14.3.1/../../../../arm-none-eabi/lib/thumb/v7e-m+fp/hard\libc_nano.a(libc_a-sbrkr.o)
 .debug_frame   0x0000035c      0x130 CMakeFiles/can.dir/application/CAN_receive.c.obj
 .debug_frame   0x0000048c       0xa0 CMakeFiles/can.dir/application/PID.c.obj
 .debug_frame   0x0000052c       0x78 CMakeFiles/can.dir/application/Vofa_pid.c.obj
 .debug_frame   0x000005a4       0x34 CMakeFiles/can.dir/BSP/boards/bsp_can.c.obj
 .debug_frame   0x000005d8       0x68 CMakeFiles/can.dir/Src/main.c.obj
 .debug_frame   0x00000640       0x38 CMakeFiles/can.dir/Src/gpio.c.obj
 .debug_frame   0x00000678       0x90 CMakeFiles/can.dir/Src/can.c.obj
 .debug_frame   0x00000708       0x74 CMakeFiles/can.dir/Src/usart.c.obj
 .debug_frame   0x0000077c      0x13c CMakeFiles/can.dir/Src/stm32f4xx_it.c.obj
 .debug_frame   0x000008b8       0x38 CMakeFiles/can.dir/Src/stm32f4xx_hal_msp.c.obj
 .debug_frame   0x000008f0      0x5a0 CMakeFiles/can.dir/Drivers/STM32F4xx_HAL_Driver/Src/stm32f4xx_hal_can.c.obj
 .debug_frame   0x00000e90      0x1f4 CMakeFiles/can.dir/Drivers/STM32F4xx_HAL_Driver/Src/stm32f4xx_hal_rcc.c.obj
 .debug_frame   0x00001084      0x14c CMakeFiles/can.dir/Drivers/STM32F4xx_HAL_Driver/Src/stm32f4xx_hal_gpio.c.obj
 .debug_frame   0x000011d0      0x508 CMakeFiles/can.dir/Drivers/STM32F4xx_HAL_Driver/Src/stm32f4xx_hal_cortex.c.obj
 .debug_frame   0x000016d8      0x374 CMakeFiles/can.dir/Drivers/STM32F4xx_HAL_Driver/Src/stm32f4xx_hal.c.obj
 .debug_frame   0x00001a4c      0x954 CMakeFiles/can.dir/Drivers/STM32F4xx_HAL_Driver/Src/stm32f4xx_hal_uart.c.obj
 .debug_frame   0x000023a0       0x58 CMakeFiles/can.dir/Src/system_stm32f4xx.c.obj
 .debug_frame   0x000023f8       0x34 CMakeFiles/can.dir/Src/sysmem.c.obj
 .debug_frame   0x0000242c       0xac D:/Toolchain/arm-gnu-toolchain-14.3.rel1-mingw-w64-i686-arm-none-eabi/bin/../lib/gcc/arm-none-eabi/14.3.1/thumb/v7e-m+fp/hard\libgcc.a(_arm_addsubdf3.o)
 .debug_frame   0x000024d8       0x2c D:/Toolchain/arm-gnu-toolchain-14.3.rel1-mingw-w64-i686-arm-none-eabi/bin/../lib/gcc/arm-none-eabi/14.3.1/thumb/v7e-m+fp/hard\libgcc.a(_aeabi_uldivmod.o)
 .debug_frame   0x00002504       0x34 D:/Toolchain/arm-gnu-toolchain-14.3.rel1-mingw-w64-i686-arm-none-eabi/bin/../lib/gcc/arm-none-eabi/14.3.1/thumb/v7e-m+fp/hard\libgcc.a(_udivmoddi4.o)
 .debug_frame   0x00002538       0x74 D:/Toolchain/arm-gnu-toolchain-14.3.rel1-mingw-w64-i686-arm-none-eabi/bin/../lib/gcc/arm-none-eabi/14.3.1/../../../../arm-none-eabi/lib/thumb/v7e-m+fp/hard\libg_nano.a(libc_a-sprintf.o)
 .debug_frame   0x000025ac       0x20 D:/Toolchain/arm-gnu-toolchain-14.3.rel1-mingw-w64-i686-arm-none-eabi/bin/../lib/gcc/arm-none-eabi/14.3.1/../../../../arm-none-eabi/lib/thumb/v7e-m+fp/hard\libg_nano.a(libc_a-errno.o)
 .debug_frame   0x000025cc       0x28 D:/Toolchain/arm-gnu-toolchain-14.3.rel1-mingw-w64-i686-arm-none-eabi/bin/../lib/gcc/arm-none-eabi/14.3.1/../../../../arm-none-eabi/lib/thumb/v7e-m+fp/hard\libg_nano.a(libc_a-memcpy-stub.o)
 .debug_frame   0x000025f4       0x20 D:/Toolchain/arm-gnu-toolchain-14.3.rel1-mingw-w64-i686-arm-none-eabi/bin/../lib/gcc/arm-none-eabi/14.3.1/../../../../arm-none-eabi/lib/thumb/v7e-m+fp/hard\libg_nano.a(libc_a-strlen.o)
 .debug_frame   0x00002614       0x90 D:/Toolchain/arm-gnu-toolchain-14.3.rel1-mingw-w64-i686-arm-none-eabi/bin/../lib/gcc/arm-none-eabi/14.3.1/../../../../arm-none-eabi/lib/thumb/v7e-m+fp/hard\libg_nano.a(libc_a-nano-svfprintf.o)
 .debug_frame   0x000026a4       0x60 D:/Toolchain/arm-gnu-toolchain-14.3.rel1-mingw-w64-i686-arm-none-eabi/bin/../lib/gcc/arm-none-eabi/14.3.1/../../../../arm-none-eabi/lib/thumb/v7e-m+fp/hard\libg_nano.a(libc_a-nano-vfprintf_i.o)
 .debug_frame   0x00002704       0x28 D:/Toolchain/arm-gnu-toolchain-14.3.rel1-mingw-w64-i686-arm-none-eabi/bin/../lib/gcc/arm-none-eabi/14.3.1/../../../../arm-none-eabi/lib/thumb/v7e-m+fp/hard\libg_nano.a(libc_a-memmove.o)
 .debug_frame   0x0000272c       0x4c D:/Toolchain/arm-gnu-toolchain-14.3.rel1-mingw-w64-i686-arm-none-eabi/bin/../lib/gcc/arm-none-eabi/14.3.1/../../../../arm-none-eabi/lib/thumb/v7e-m+fp/hard\libg_nano.a(libc_a-memchr.o)
 .debug_frame   0x00002778       0x3c D:/Toolchain/arm-gnu-toolchain-14.3.rel1-mingw-w64-i686-arm-none-eabi/bin/../lib/gcc/arm-none-eabi/14.3.1/../../../../arm-none-eabi/lib/thumb/v7e-m+fp/hard\libg_nano.a(libc_a-reallocr.o)
 .debug_frame   0x000027b4       0x20 D:/Toolchain/arm-gnu-toolchain-14.3.rel1-mingw-w64-i686-arm-none-eabi/bin/../lib/gcc/arm-none-eabi/14.3.1/../../../../arm-none-eabi/lib/thumb/v7e-m+fp/hard\libg_nano.a(libc_a-msizer.o)

.debug_info     0x00000000     0xa9c5
 .debug_info    0x00000000      0x8cf CMakeFiles/can.dir/application/CAN_receive.c.obj
 .debug_info    0x000008cf      0x379 CMakeFiles/can.dir/application/PID.c.obj
 .debug_info    0x00000c48      0x7da CMakeFiles/can.dir/application/Vofa_pid.c.obj
 .debug_info    0x00001422      0x59f CMakeFiles/can.dir/BSP/boards/bsp_can.c.obj
 .debug_info    0x000019c1      0x5cb CMakeFiles/can.dir/Src/main.c.obj
 .debug_info    0x00001f8c      0x29f CMakeFiles/can.dir/Src/gpio.c.obj
 .debug_info    0x0000222b      0xb40 CMakeFiles/can.dir/Src/can.c.obj
 .debug_info    0x00002d6b      0x939 CMakeFiles/can.dir/Src/usart.c.obj
 .debug_info    0x000036a4      0x520 CMakeFiles/can.dir/Src/stm32f4xx_it.c.obj
 .debug_info    0x00003bc4      0x269 CMakeFiles/can.dir/Src/stm32f4xx_hal_msp.c.obj
 .debug_info    0x00003e2d      0xf49 CMakeFiles/can.dir/Drivers/STM32F4xx_HAL_Driver/Src/stm32f4xx_hal_can.c.obj
 .debug_info    0x00004d76      0x8c3 CMakeFiles/can.dir/Drivers/STM32F4xx_HAL_Driver/Src/stm32f4xx_hal_rcc.c.obj
 .debug_info    0x00005639      0x6c3 CMakeFiles/can.dir/Drivers/STM32F4xx_HAL_Driver/Src/stm32f4xx_hal_gpio.c.obj
 .debug_info    0x00005cfc      0xd8c CMakeFiles/can.dir/Drivers/STM32F4xx_HAL_Driver/Src/stm32f4xx_hal_cortex.c.obj
 .debug_info    0x00006a88      0x944 CMakeFiles/can.dir/Drivers/STM32F4xx_HAL_Driver/Src/stm32f4xx_hal.c.obj
 .debug_info    0x000073cc     0x2f4f CMakeFiles/can.dir/Drivers/STM32F4xx_HAL_Driver/Src/stm32f4xx_hal_uart.c.obj
 .debug_info    0x0000a31b      0x512 CMakeFiles/can.dir/Src/system_stm32f4xx.c.obj
 .debug_info    0x0000a82d      0x168 CMakeFiles/can.dir/Src/sysmem.c.obj
 .debug_info    0x0000a995       0x30 CMakeFiles/can.dir/startup_stm32f407xx.s.obj

.debug_abbrev   0x00000000     0x21ac
 .debug_abbrev  0x00000000      0x217 CMakeFiles/can.dir/application/CAN_receive.c.obj
 .debug_abbrev  0x00000217      0x18a CMakeFiles/can.dir/application/PID.c.obj
 .debug_abbrev  0x000003a1      0x1f9 CMakeFiles/can.dir/application/Vofa_pid.c.obj
 .debug_abbrev  0x0000059a      0x17c CMakeFiles/can.dir/BSP/boards/bsp_can.c.obj
 .debug_abbrev  0x00000716      0x21c CMakeFiles/can.dir/Src/main.c.obj
 .debug_abbrev  0x00000932       0xd8 CMakeFiles/can.dir/Src/gpio.c.obj
 .debug_abbrev  0x00000a0a      0x225 CMakeFiles/can.dir/Src/can.c.obj
 .debug_abbrev  0x00000c2f      0x1f9 CMakeFiles/can.dir/Src/usart.c.obj
 .debug_abbrev  0x00000e28      0x190 CMakeFiles/can.dir/Src/stm32f4xx_it.c.obj
 .debug_abbrev  0x00000fb8       0xd8 CMakeFiles/can.dir/Src/stm32f4xx_hal_msp.c.obj
 .debug_abbrev  0x00001090      0x258 CMakeFiles/can.dir/Drivers/STM32F4xx_HAL_Driver/Src/stm32f4xx_hal_can.c.obj
 .debug_abbrev  0x000012e8      0x2b7 CMakeFiles/can.dir/Drivers/STM32F4xx_HAL_Driver/Src/stm32f4xx_hal_rcc.c.obj
 .debug_abbrev  0x0000159f      0x1d4 CMakeFiles/can.dir/Drivers/STM32F4xx_HAL_Driver/Src/stm32f4xx_hal_gpio.c.obj
 .debug_abbrev  0x00001773      0x31d CMakeFiles/can.dir/Drivers/STM32F4xx_HAL_Driver/Src/stm32f4xx_hal_cortex.c.obj
 .debug_abbrev  0x00001a90      0x214 CMakeFiles/can.dir/Drivers/STM32F4xx_HAL_Driver/Src/stm32f4xx_hal.c.obj
 .debug_abbrev  0x00001ca4      0x30e CMakeFiles/can.dir/Drivers/STM32F4xx_HAL_Driver/Src/stm32f4xx_hal_uart.c.obj
 .debug_abbrev  0x00001fb2      0x11a CMakeFiles/can.dir/Src/system_stm32f4xx.c.obj
 .debug_abbrev  0x000020cc       0xbc CMakeFiles/can.dir/Src/sysmem.c.obj
 .debug_abbrev  0x00002188       0x24 CMakeFiles/can.dir/startup_stm32f407xx.s.obj

.debug_aranges  0x00000000      0x8d8
 .debug_aranges
                0x00000000       0x58 CMakeFiles/can.dir/application/CAN_receive.c.obj
 .debug_aranges
                0x00000058       0x38 CMakeFiles/can.dir/application/PID.c.obj
 .debug_aranges
                0x00000090       0x30 CMakeFiles/can.dir/application/Vofa_pid.c.obj
 .debug_aranges
                0x000000c0       0x20 CMakeFiles/can.dir/BSP/boards/bsp_can.c.obj
 .debug_aranges
                0x000000e0       0x30 CMakeFiles/can.dir/Src/main.c.obj
 .debug_aranges
                0x00000110       0x20 CMakeFiles/can.dir/Src/gpio.c.obj
 .debug_aranges
                0x00000130       0x38 CMakeFiles/can.dir/Src/can.c.obj
 .debug_aranges
                0x00000168       0x30 CMakeFiles/can.dir/Src/usart.c.obj
 .debug_aranges
                0x00000198       0x70 CMakeFiles/can.dir/Src/stm32f4xx_it.c.obj
 .debug_aranges
                0x00000208       0x20 CMakeFiles/can.dir/Src/stm32f4xx_hal_msp.c.obj
 .debug_aranges
                0x00000228      0x138 CMakeFiles/can.dir/Drivers/STM32F4xx_HAL_Driver/Src/stm32f4xx_hal_can.c.obj
 .debug_aranges
                0x00000360       0x88 CMakeFiles/can.dir/Drivers/STM32F4xx_HAL_Driver/Src/stm32f4xx_hal_rcc.c.obj
 .debug_aranges
                0x000003e8       0x58 CMakeFiles/can.dir/Drivers/STM32F4xx_HAL_Driver/Src/stm32f4xx_hal_gpio.c.obj
 .debug_aranges
                0x00000440      0x130 CMakeFiles/can.dir/Drivers/STM32F4xx_HAL_Driver/Src/stm32f4xx_hal_cortex.c.obj
 .debug_aranges
                0x00000570       0xf0 CMakeFiles/can.dir/Drivers/STM32F4xx_HAL_Driver/Src/stm32f4xx_hal.c.obj
 .debug_aranges
                0x00000660      0x208 CMakeFiles/can.dir/Drivers/STM32F4xx_HAL_Driver/Src/stm32f4xx_hal_uart.c.obj
 .debug_aranges
                0x00000868       0x28 CMakeFiles/can.dir/Src/system_stm32f4xx.c.obj
 .debug_aranges
                0x00000890       0x20 CMakeFiles/can.dir/Src/sysmem.c.obj
 .debug_aranges
                0x000008b0       0x28 CMakeFiles/can.dir/startup_stm32f407xx.s.obj

.debug_rnglists
                0x00000000      0x69b
 .debug_rnglists
                0x00000000       0x40 CMakeFiles/can.dir/application/CAN_receive.c.obj
 .debug_rnglists
                0x00000040       0x27 CMakeFiles/can.dir/application/PID.c.obj
 .debug_rnglists
                0x00000067       0x20 CMakeFiles/can.dir/application/Vofa_pid.c.obj
 .debug_rnglists
                0x00000087       0x13 CMakeFiles/can.dir/BSP/boards/bsp_can.c.obj
 .debug_rnglists
                0x0000009a       0x20 CMakeFiles/can.dir/Src/main.c.obj
 .debug_rnglists
                0x000000ba       0x14 CMakeFiles/can.dir/Src/gpio.c.obj
 .debug_rnglists
                0x000000ce       0x27 CMakeFiles/can.dir/Src/can.c.obj
 .debug_rnglists
                0x000000f5       0x20 CMakeFiles/can.dir/Src/usart.c.obj
 .debug_rnglists
                0x00000115       0x4f CMakeFiles/can.dir/Src/stm32f4xx_it.c.obj
 .debug_rnglists
                0x00000164       0x13 CMakeFiles/can.dir/Src/stm32f4xx_hal_msp.c.obj
 .debug_rnglists
                0x00000177       0xee CMakeFiles/can.dir/Drivers/STM32F4xx_HAL_Driver/Src/stm32f4xx_hal_can.c.obj
 .debug_rnglists
                0x00000265       0x66 CMakeFiles/can.dir/Drivers/STM32F4xx_HAL_Driver/Src/stm32f4xx_hal_rcc.c.obj
 .debug_rnglists
                0x000002cb       0x3f CMakeFiles/can.dir/Drivers/STM32F4xx_HAL_Driver/Src/stm32f4xx_hal_gpio.c.obj
 .debug_rnglists
                0x0000030a       0xe0 CMakeFiles/can.dir/Drivers/STM32F4xx_HAL_Driver/Src/stm32f4xx_hal_cortex.c.obj
 .debug_rnglists
                0x000003ea       0xaf CMakeFiles/can.dir/Drivers/STM32F4xx_HAL_Driver/Src/stm32f4xx_hal.c.obj
 .debug_rnglists
                0x00000499      0x1bc CMakeFiles/can.dir/Drivers/STM32F4xx_HAL_Driver/Src/stm32f4xx_hal_uart.c.obj
 .debug_rnglists
                0x00000655       0x1a CMakeFiles/can.dir/Src/system_stm32f4xx.c.obj
 .debug_rnglists
                0x0000066f       0x13 CMakeFiles/can.dir/Src/sysmem.c.obj
 .debug_rnglists
                0x00000682       0x19 CMakeFiles/can.dir/startup_stm32f407xx.s.obj

.debug_macro    0x00000000    0x215ca
 .debug_macro   0x00000000      0x1ed CMakeFiles/can.dir/application/CAN_receive.c.obj
 .debug_macro   0x000001ed      0xad8 CMakeFiles/can.dir/application/CAN_receive.c.obj
 .debug_macro   0x00000cc5       0x22 CMakeFiles/can.dir/application/CAN_receive.c.obj
 .debug_macro   0x00000ce7       0x8e CMakeFiles/can.dir/application/CAN_receive.c.obj
 .debug_macro   0x00000d75       0x51 CMakeFiles/can.dir/application/CAN_receive.c.obj
 .debug_macro   0x00000dc6      0x103 CMakeFiles/can.dir/application/CAN_receive.c.obj
 .debug_macro   0x00000ec9       0x6a CMakeFiles/can.dir/application/CAN_receive.c.obj
 .debug_macro   0x00000f33      0x1df CMakeFiles/can.dir/application/CAN_receive.c.obj
 .debug_macro   0x00001112       0x10 CMakeFiles/can.dir/application/CAN_receive.c.obj
 .debug_macro   0x00001122      0x29b CMakeFiles/can.dir/application/CAN_receive.c.obj
 .debug_macro   0x000013bd       0x2e CMakeFiles/can.dir/application/CAN_receive.c.obj
 .debug_macro   0x000013eb       0x2f CMakeFiles/can.dir/application/CAN_receive.c.obj
 .debug_macro   0x0000141a       0x1c CMakeFiles/can.dir/application/CAN_receive.c.obj
 .debug_macro   0x00001436       0x22 CMakeFiles/can.dir/application/CAN_receive.c.obj
 .debug_macro   0x00001458       0xfb CMakeFiles/can.dir/application/CAN_receive.c.obj
 .debug_macro   0x00001553     0x1011 CMakeFiles/can.dir/application/CAN_receive.c.obj
 .debug_macro   0x00002564      0x11f CMakeFiles/can.dir/application/CAN_receive.c.obj
 .debug_macro   0x00002683    0x15ea5 CMakeFiles/can.dir/application/CAN_receive.c.obj
 .debug_macro   0x00018528       0x6d CMakeFiles/can.dir/application/CAN_receive.c.obj
 .debug_macro   0x00018595     0x3693 CMakeFiles/can.dir/application/CAN_receive.c.obj
 .debug_macro   0x0001bc28      0x190 CMakeFiles/can.dir/application/CAN_receive.c.obj
 .debug_macro   0x0001bdb8       0x5c CMakeFiles/can.dir/application/CAN_receive.c.obj
 .debug_macro   0x0001be14      0x980 CMakeFiles/can.dir/application/CAN_receive.c.obj
 .debug_macro   0x0001c794      0x9e9 CMakeFiles/can.dir/application/CAN_receive.c.obj
 .debug_macro   0x0001d17d      0x115 CMakeFiles/can.dir/application/CAN_receive.c.obj
 .debug_macro   0x0001d292      0x13e CMakeFiles/can.dir/application/CAN_receive.c.obj
 .debug_macro   0x0001d3d0       0xa5 CMakeFiles/can.dir/application/CAN_receive.c.obj
 .debug_macro   0x0001d475      0x174 CMakeFiles/can.dir/application/CAN_receive.c.obj
 .debug_macro   0x0001d5e9      0x287 CMakeFiles/can.dir/application/CAN_receive.c.obj
 .debug_macro   0x0001d870       0x5f CMakeFiles/can.dir/application/CAN_receive.c.obj
 .debug_macro   0x0001d8cf      0x236 CMakeFiles/can.dir/application/CAN_receive.c.obj
 .debug_macro   0x0001db05      0x40f CMakeFiles/can.dir/application/CAN_receive.c.obj
 .debug_macro   0x0001df14      0x12c CMakeFiles/can.dir/application/CAN_receive.c.obj
 .debug_macro   0x0001e040      0x21e CMakeFiles/can.dir/application/CAN_receive.c.obj
 .debug_macro   0x0001e25e       0x2e CMakeFiles/can.dir/application/CAN_receive.c.obj
 .debug_macro   0x0001e28c      0x127 CMakeFiles/can.dir/application/CAN_receive.c.obj
 .debug_macro   0x0001e3b3       0x7e CMakeFiles/can.dir/application/CAN_receive.c.obj
 .debug_macro   0x0001e431       0x89 CMakeFiles/can.dir/application/CAN_receive.c.obj
 .debug_macro   0x0001e4ba      0x2aa CMakeFiles/can.dir/application/CAN_receive.c.obj
 .debug_macro   0x0001e764      0x12d CMakeFiles/can.dir/application/CAN_receive.c.obj
 .debug_macro   0x0001e891       0x85 CMakeFiles/can.dir/application/PID.c.obj
 .debug_macro   0x0001e916       0x1c CMakeFiles/can.dir/application/PID.c.obj
 .debug_macro   0x0001e932      0x320 CMakeFiles/can.dir/application/Vofa_pid.c.obj
 .debug_macro   0x0001ec52       0x2a CMakeFiles/can.dir/application/Vofa_pid.c.obj
 .debug_macro   0x0001ec7c       0x7b CMakeFiles/can.dir/application/Vofa_pid.c.obj
 .debug_macro   0x0001ecf7       0x3c CMakeFiles/can.dir/application/Vofa_pid.c.obj
 .debug_macro   0x0001ed33       0x34 CMakeFiles/can.dir/application/Vofa_pid.c.obj
 .debug_macro   0x0001ed67       0x16 CMakeFiles/can.dir/application/Vofa_pid.c.obj
 .debug_macro   0x0001ed7d       0x3c CMakeFiles/can.dir/application/Vofa_pid.c.obj
 .debug_macro   0x0001edb9      0x364 CMakeFiles/can.dir/application/Vofa_pid.c.obj
 .debug_macro   0x0001f11d       0x16 CMakeFiles/can.dir/application/Vofa_pid.c.obj
 .debug_macro   0x0001f133       0x4a CMakeFiles/can.dir/application/Vofa_pid.c.obj
 .debug_macro   0x0001f17d       0x34 CMakeFiles/can.dir/application/Vofa_pid.c.obj
 .debug_macro   0x0001f1b1       0x10 CMakeFiles/can.dir/application/Vofa_pid.c.obj
 .debug_macro   0x0001f1c1       0x58 CMakeFiles/can.dir/application/Vofa_pid.c.obj
 .debug_macro   0x0001f219      0x1e5 CMakeFiles/can.dir/application/Vofa_pid.c.obj
 .debug_macro   0x0001f3fe       0x16 CMakeFiles/can.dir/application/Vofa_pid.c.obj
 .debug_macro   0x0001f414       0x29 CMakeFiles/can.dir/application/Vofa_pid.c.obj
 .debug_macro   0x0001f43d       0x16 CMakeFiles/can.dir/application/Vofa_pid.c.obj
 .debug_macro   0x0001f453       0x1c CMakeFiles/can.dir/application/Vofa_pid.c.obj
 .debug_macro   0x0001f46f       0x10 CMakeFiles/can.dir/application/Vofa_pid.c.obj
 .debug_macro   0x0001f47f       0x1c CMakeFiles/can.dir/application/Vofa_pid.c.obj
 .debug_macro   0x0001f49b       0x16 CMakeFiles/can.dir/application/Vofa_pid.c.obj
 .debug_macro   0x0001f4b1      0x170 CMakeFiles/can.dir/application/Vofa_pid.c.obj
 .debug_macro   0x0001f621      0x1e2 CMakeFiles/can.dir/BSP/boards/bsp_can.c.obj
 .debug_macro   0x0001f803      0x2e8 CMakeFiles/can.dir/Src/main.c.obj
 .debug_macro   0x0001faeb       0x10 CMakeFiles/can.dir/Src/main.c.obj
 .debug_macro   0x0001fafb      0x1d8 CMakeFiles/can.dir/Src/gpio.c.obj
 .debug_macro   0x0001fcd3      0x1d8 CMakeFiles/can.dir/Src/can.c.obj
 .debug_macro   0x0001feab      0x1d8 CMakeFiles/can.dir/Src/usart.c.obj
 .debug_macro   0x00020083      0x1d8 CMakeFiles/can.dir/Src/stm32f4xx_it.c.obj
 .debug_macro   0x0002025b      0x1ce CMakeFiles/can.dir/Src/stm32f4xx_hal_msp.c.obj
 .debug_macro   0x00020429      0x1d3 CMakeFiles/can.dir/Drivers/STM32F4xx_HAL_Driver/Src/stm32f4xx_hal_can.c.obj
 .debug_macro   0x000205fc      0x1e8 CMakeFiles/can.dir/Drivers/STM32F4xx_HAL_Driver/Src/stm32f4xx_hal_rcc.c.obj
 .debug_macro   0x000207e4      0x1ca CMakeFiles/can.dir/Drivers/STM32F4xx_HAL_Driver/Src/stm32f4xx_hal_gpio.c.obj
 .debug_macro   0x000209ae      0x1c4 CMakeFiles/can.dir/Drivers/STM32F4xx_HAL_Driver/Src/stm32f4xx_hal_cortex.c.obj
 .debug_macro   0x00020b72      0x224 CMakeFiles/can.dir/Drivers/STM32F4xx_HAL_Driver/Src/stm32f4xx_hal.c.obj
 .debug_macro   0x00020d96      0x1c5 CMakeFiles/can.dir/Drivers/STM32F4xx_HAL_Driver/Src/stm32f4xx_hal_uart.c.obj
 .debug_macro   0x00020f5b      0x1c4 CMakeFiles/can.dir/Src/system_stm32f4xx.c.obj
 .debug_macro   0x0002111f       0xff CMakeFiles/can.dir/Src/sysmem.c.obj
 .debug_macro   0x0002121e       0x10 CMakeFiles/can.dir/Src/sysmem.c.obj
 .debug_macro   0x0002122e       0x75 CMakeFiles/can.dir/Src/sysmem.c.obj
 .debug_macro   0x000212a3       0x94 CMakeFiles/can.dir/Src/sysmem.c.obj
 .debug_macro   0x00021337       0x57 CMakeFiles/can.dir/Src/sysmem.c.obj
 .debug_macro   0x0002138e      0x23c CMakeFiles/can.dir/Src/sysmem.c.obj

.debug_line     0x00000000     0xaa6a
 .debug_line    0x00000000      0x700 CMakeFiles/can.dir/application/CAN_receive.c.obj
 .debug_line    0x00000700      0x3ba CMakeFiles/can.dir/application/PID.c.obj
 .debug_line    0x00000aba      0x7b9 CMakeFiles/can.dir/application/Vofa_pid.c.obj
 .debug_line    0x00001273      0x64a CMakeFiles/can.dir/BSP/boards/bsp_can.c.obj
 .debug_line    0x000018bd      0x7ac CMakeFiles/can.dir/Src/main.c.obj
 .debug_line    0x00002069      0x5e0 CMakeFiles/can.dir/Src/gpio.c.obj
 .debug_line    0x00002649      0x6fb CMakeFiles/can.dir/Src/can.c.obj
 .debug_line    0x00002d44      0x661 CMakeFiles/can.dir/Src/usart.c.obj
 .debug_line    0x000033a5      0x6c0 CMakeFiles/can.dir/Src/stm32f4xx_it.c.obj
 .debug_line    0x00003a65      0x5e1 CMakeFiles/can.dir/Src/stm32f4xx_hal_msp.c.obj
 .debug_line    0x00004046     0x1097 CMakeFiles/can.dir/Drivers/STM32F4xx_HAL_Driver/Src/stm32f4xx_hal_can.c.obj
 .debug_line    0x000050dd      0xce5 CMakeFiles/can.dir/Drivers/STM32F4xx_HAL_Driver/Src/stm32f4xx_hal_rcc.c.obj
 .debug_line    0x00005dc2      0xa30 CMakeFiles/can.dir/Drivers/STM32F4xx_HAL_Driver/Src/stm32f4xx_hal_gpio.c.obj
 .debug_line    0x000067f2      0xba8 CMakeFiles/can.dir/Drivers/STM32F4xx_HAL_Driver/Src/stm32f4xx_hal_cortex.c.obj
 .debug_line    0x0000739a      0x8d8 CMakeFiles/can.dir/Drivers/STM32F4xx_HAL_Driver/Src/stm32f4xx_hal.c.obj
 .debug_line    0x00007c72     0x2420 CMakeFiles/can.dir/Drivers/STM32F4xx_HAL_Driver/Src/stm32f4xx_hal_uart.c.obj
 .debug_line    0x0000a092      0x657 CMakeFiles/can.dir/Src/system_stm32f4xx.c.obj
 .debug_line    0x0000a6e9      0x307 CMakeFiles/can.dir/Src/sysmem.c.obj
 .debug_line    0x0000a9f0       0x7a CMakeFiles/can.dir/startup_stm32f407xx.s.obj

.debug_str      0x00000000    0xc562f
 .debug_str     0x00000000    0xc562f CMakeFiles/can.dir/application/CAN_receive.c.obj
                              0xbf638 (size before relaxing)
 .debug_str     0x000c562f     0x3f96 CMakeFiles/can.dir/application/PID.c.obj
 .debug_str     0x000c562f    0xc2802 CMakeFiles/can.dir/application/Vofa_pid.c.obj
 .debug_str     0x000c562f    0xbf2ea CMakeFiles/can.dir/BSP/boards/bsp_can.c.obj
 .debug_str     0x000c562f    0xc1e9d CMakeFiles/can.dir/Src/main.c.obj
 .debug_str     0x000c562f    0xbf001 CMakeFiles/can.dir/Src/gpio.c.obj
 .debug_str     0x000c562f    0xbf8da CMakeFiles/can.dir/Src/can.c.obj
 .debug_str     0x000c562f    0xbf589 CMakeFiles/can.dir/Src/usart.c.obj
 .debug_str     0x000c562f    0xbf268 CMakeFiles/can.dir/Src/stm32f4xx_it.c.obj
 .debug_str     0x000c562f    0xbf001 CMakeFiles/can.dir/Src/stm32f4xx_hal_msp.c.obj
 .debug_str     0x000c562f    0xbf7b0 CMakeFiles/can.dir/Drivers/STM32F4xx_HAL_Driver/Src/stm32f4xx_hal_can.c.obj
 .debug_str     0x000c562f    0xbf4ea CMakeFiles/can.dir/Drivers/STM32F4xx_HAL_Driver/Src/stm32f4xx_hal_rcc.c.obj
 .debug_str     0x000c562f    0xbf231 CMakeFiles/can.dir/Drivers/STM32F4xx_HAL_Driver/Src/stm32f4xx_hal_gpio.c.obj
 .debug_str     0x000c562f    0xbf9b6 CMakeFiles/can.dir/Drivers/STM32F4xx_HAL_Driver/Src/stm32f4xx_hal_cortex.c.obj
 .debug_str     0x000c562f    0xbfc3a CMakeFiles/can.dir/Drivers/STM32F4xx_HAL_Driver/Src/stm32f4xx_hal.c.obj
 .debug_str     0x000c562f    0xbfacb CMakeFiles/can.dir/Drivers/STM32F4xx_HAL_Driver/Src/stm32f4xx_hal_uart.c.obj
 .debug_str     0x000c562f    0xbf0b1 CMakeFiles/can.dir/Src/system_stm32f4xx.c.obj
 .debug_str     0x000c562f     0x70fb CMakeFiles/can.dir/Src/sysmem.c.obj
 .debug_str     0x000c562f       0x6c CMakeFiles/can.dir/startup_stm32f407xx.s.obj

.debug_line_str
                0x00000000      0x226
 .debug_line_str
                0x00000000      0x226 CMakeFiles/can.dir/startup_stm32f407xx.s.obj
                                 0x50 (size before relaxing)
 .debug_line_str
                0x00000226       0xce D:/Toolchain/arm-gnu-toolchain-14.3.rel1-mingw-w64-i686-arm-none-eabi/bin/../lib/gcc/arm-none-eabi/14.3.1/thumb/v7e-m+fp/hard\libgcc.a(_arm_addsubdf3.o)
 .debug_line_str
                0x00000226       0xc9 D:/Toolchain/arm-gnu-toolchain-14.3.rel1-mingw-w64-i686-arm-none-eabi/bin/../lib/gcc/arm-none-eabi/14.3.1/thumb/v7e-m+fp/hard\libgcc.a(_aeabi_uldivmod.o)
 .debug_line_str
                0x00000226       0xcd D:/Toolchain/arm-gnu-toolchain-14.3.rel1-mingw-w64-i686-arm-none-eabi/bin/../lib/gcc/arm-none-eabi/14.3.1/thumb/v7e-m+fp/hard\libgcc.a(_dvmd_tls.o)
 .debug_line_str
                0x00000226       0xeb D:/Toolchain/arm-gnu-toolchain-14.3.rel1-mingw-w64-i686-arm-none-eabi/bin/../lib/gcc/arm-none-eabi/14.3.1/../../../../arm-none-eabi/lib/thumb/v7e-m+fp/hard\libg_nano.a(libc_a-strlen.o)
 .debug_line_str
                0x00000226       0xe1 D:/Toolchain/arm-gnu-toolchain-14.3.rel1-mingw-w64-i686-arm-none-eabi/bin/../lib/gcc/arm-none-eabi/14.3.1/../../../../arm-none-eabi/lib/thumb/v7e-m+fp/hard\libg_nano.a(libc_a-memchr.o)
